Archive member included to satisfy reference by file (symbol)

/home/yff/ti/mspm0_sdk_2_00_00_03/source/ti/driverlib/lib/gcc/m0p/mspm0l11xx_l13xx/driverlib.a(dl_common.o)
                              obj/ti_msp_dl_config.o (DL_Common_delayCycles)
/home/yff/ti/mspm0_sdk_2_00_00_03/source/ti/driverlib/lib/gcc/m0p/mspm0l11xx_l13xx/driverlib.a(dl_timer.o)
                              obj/driver/timer.o (DL_Timer_setClockConfig)
/home/yff/ti/mspm0_sdk_2_00_00_03/source/ti/driverlib/lib/gcc/m0p/mspm0l11xx_l13xx/driverlib.a(dl_uart.o)
                              obj/driver/uart.o (DL_UART_init)
/home/yff/ti/gcc-arm-none-eabi-10.3-2021.10/bin/../lib/gcc/arm-none-eabi/10.3.1/thumb/v6-m/nofp/libgcc.a(_udivsi3.o)
                              /home/yff/ti/mspm0_sdk_2_00_00_03/source/ti/driverlib/lib/gcc/m0p/mspm0l11xx_l13xx/driverlib.a(dl_uart.o) (__aeabi_uidiv)
/home/yff/ti/gcc-arm-none-eabi-10.3-2021.10/bin/../lib/gcc/arm-none-eabi/10.3.1/thumb/v6-m/nofp/libgcc.a(_dvmd_tls.o)
                              /home/yff/ti/gcc-arm-none-eabi-10.3-2021.10/bin/../lib/gcc/arm-none-eabi/10.3.1/thumb/v6-m/nofp/libgcc.a(_udivsi3.o) (__aeabi_idiv0)
/home/yff/ti/gcc-arm-none-eabi-10.3-2021.10/bin/../lib/gcc/arm-none-eabi/10.3.1/../../../../arm-none-eabi/lib/thumb/v6-m/nofp/libc.a(lib_a-init.o)
                              obj/startup_mspm0l130x_gcc.o (__libc_init_array)
/home/yff/ti/gcc-arm-none-eabi-10.3-2021.10/bin/../lib/gcc/arm-none-eabi/10.3.1/../../../../arm-none-eabi/lib/thumb/v6-m/nofp/libc.a(lib_a-memcpy-stub.o)
                              obj/startup_mspm0l130x_gcc.o (memcpy)
/home/yff/ti/gcc-arm-none-eabi-10.3-2021.10/bin/../lib/gcc/arm-none-eabi/10.3.1/../../../../arm-none-eabi/lib/thumb/v6-m/nofp/libc.a(lib_a-memset.o)
                              obj/startup_mspm0l130x_gcc.o (memset)

Discarded input sections

 .text.uart_send_byte
                0x0000000000000000       0x10 obj/driver/uart.o
 .text.gpio_toggle
                0x0000000000000000       0x14 obj/driver/gpio.o
 .text.systick_count
                0x0000000000000000       0x30 obj/driver/timer.o
 .bss.systick_cnt
                0x0000000000000000        0x4 obj/driver/timer.o
 .bss.systick_cnt_accumulated
                0x0000000000000000        0x4 obj/driver/timer.o
 .text.DL_Timer_getInChanConfig
                0x0000000000000000       0x4c /home/yff/ti/mspm0_sdk_2_00_00_03/source/ti/driverlib/lib/gcc/m0p/mspm0l11xx_l13xx/driverlib.a(dl_timer.o)
 .text.DL_Timer_getClockConfig
                0x0000000000000000       0x20 /home/yff/ti/mspm0_sdk_2_00_00_03/source/ti/driverlib/lib/gcc/m0p/mspm0l11xx_l13xx/driverlib.a(dl_timer.o)
 .text.DL_Timer_initCaptureMode
                0x0000000000000000       0xfc /home/yff/ti/mspm0_sdk_2_00_00_03/source/ti/driverlib/lib/gcc/m0p/mspm0l11xx_l13xx/driverlib.a(dl_timer.o)
 .rodata.DL_Timer_initCaptureMode
                0x0000000000000000       0x18 /home/yff/ti/mspm0_sdk_2_00_00_03/source/ti/driverlib/lib/gcc/m0p/mspm0l11xx_l13xx/driverlib.a(dl_timer.o)
 .text.DL_Timer_initCaptureTriggerMode
                0x0000000000000000       0x90 /home/yff/ti/mspm0_sdk_2_00_00_03/source/ti/driverlib/lib/gcc/m0p/mspm0l11xx_l13xx/driverlib.a(dl_timer.o)
 .text.DL_Timer_initCaptureCombinedMode
                0x0000000000000000       0xe0 /home/yff/ti/mspm0_sdk_2_00_00_03/source/ti/driverlib/lib/gcc/m0p/mspm0l11xx_l13xx/driverlib.a(dl_timer.o)
 .text.DL_Timer_initCompareMode
                0x0000000000000000       0xac /home/yff/ti/mspm0_sdk_2_00_00_03/source/ti/driverlib/lib/gcc/m0p/mspm0l11xx_l13xx/driverlib.a(dl_timer.o)
 .text.DL_Timer_initCompareTriggerMode
                0x0000000000000000       0x78 /home/yff/ti/mspm0_sdk_2_00_00_03/source/ti/driverlib/lib/gcc/m0p/mspm0l11xx_l13xx/driverlib.a(dl_timer.o)
 .text.DL_Timer_initPWMMode
                0x0000000000000000      0x100 /home/yff/ti/mspm0_sdk_2_00_00_03/source/ti/driverlib/lib/gcc/m0p/mspm0l11xx_l13xx/driverlib.a(dl_timer.o)
 .text.DL_Timer_setCaptureCompareValue
                0x0000000000000000       0x14 /home/yff/ti/mspm0_sdk_2_00_00_03/source/ti/driverlib/lib/gcc/m0p/mspm0l11xx_l13xx/driverlib.a(dl_timer.o)
 .text.DL_Timer_getCaptureCompareValue
                0x0000000000000000       0x18 /home/yff/ti/mspm0_sdk_2_00_00_03/source/ti/driverlib/lib/gcc/m0p/mspm0l11xx_l13xx/driverlib.a(dl_timer.o)
 .text.DL_Timer_setCaptureCompareCtl
                0x0000000000000000       0x24 /home/yff/ti/mspm0_sdk_2_00_00_03/source/ti/driverlib/lib/gcc/m0p/mspm0l11xx_l13xx/driverlib.a(dl_timer.o)
 .text.DL_Timer_getCaptureCompareCtl
                0x0000000000000000       0x1c /home/yff/ti/mspm0_sdk_2_00_00_03/source/ti/driverlib/lib/gcc/m0p/mspm0l11xx_l13xx/driverlib.a(dl_timer.o)
 .text.DL_Timer_setSecondCompSrcDn
                0x0000000000000000       0x1c /home/yff/ti/mspm0_sdk_2_00_00_03/source/ti/driverlib/lib/gcc/m0p/mspm0l11xx_l13xx/driverlib.a(dl_timer.o)
 .text.DL_Timer_getSecondCompSrcDn
                0x0000000000000000       0x18 /home/yff/ti/mspm0_sdk_2_00_00_03/source/ti/driverlib/lib/gcc/m0p/mspm0l11xx_l13xx/driverlib.a(dl_timer.o)
 .text.DL_Timer_setSecondCompSrcUp
                0x0000000000000000       0x20 /home/yff/ti/mspm0_sdk_2_00_00_03/source/ti/driverlib/lib/gcc/m0p/mspm0l11xx_l13xx/driverlib.a(dl_timer.o)
 .text.DL_Timer_getSecondCompSrcUp
                0x0000000000000000       0x18 /home/yff/ti/mspm0_sdk_2_00_00_03/source/ti/driverlib/lib/gcc/m0p/mspm0l11xx_l13xx/driverlib.a(dl_timer.o)
 .text.DL_Timer_setSecondCompActionDn
                0x0000000000000000       0x20 /home/yff/ti/mspm0_sdk_2_00_00_03/source/ti/driverlib/lib/gcc/m0p/mspm0l11xx_l13xx/driverlib.a(dl_timer.o)
 .text.DL_Timer_getSecondCompActionDn
                0x0000000000000000       0x18 /home/yff/ti/mspm0_sdk_2_00_00_03/source/ti/driverlib/lib/gcc/m0p/mspm0l11xx_l13xx/driverlib.a(dl_timer.o)
 .text.DL_Timer_setSecondCompActionUp
                0x0000000000000000       0x20 /home/yff/ti/mspm0_sdk_2_00_00_03/source/ti/driverlib/lib/gcc/m0p/mspm0l11xx_l13xx/driverlib.a(dl_timer.o)
 .text.DL_Timer_getSecondCompActionUp
                0x0000000000000000       0x18 /home/yff/ti/mspm0_sdk_2_00_00_03/source/ti/driverlib/lib/gcc/m0p/mspm0l11xx_l13xx/driverlib.a(dl_timer.o)
 .text.DL_Timer_enableSuppressionOfCompEvent
                0x0000000000000000       0x1c /home/yff/ti/mspm0_sdk_2_00_00_03/source/ti/driverlib/lib/gcc/m0p/mspm0l11xx_l13xx/driverlib.a(dl_timer.o)
 .text.DL_Timer_disableSuppressionOfCompEvent
                0x0000000000000000       0x1c /home/yff/ti/mspm0_sdk_2_00_00_03/source/ti/driverlib/lib/gcc/m0p/mspm0l11xx_l13xx/driverlib.a(dl_timer.o)
 .text.DL_Timer_setCaptCompUpdateMethod
                0x0000000000000000       0x20 /home/yff/ti/mspm0_sdk_2_00_00_03/source/ti/driverlib/lib/gcc/m0p/mspm0l11xx_l13xx/driverlib.a(dl_timer.o)
 .text.DL_Timer_getCaptCompUpdateMethod
                0x0000000000000000       0x18 /home/yff/ti/mspm0_sdk_2_00_00_03/source/ti/driverlib/lib/gcc/m0p/mspm0l11xx_l13xx/driverlib.a(dl_timer.o)
 .text.DL_Timer_setCaptureCompareOutCtl
                0x0000000000000000       0x1c /home/yff/ti/mspm0_sdk_2_00_00_03/source/ti/driverlib/lib/gcc/m0p/mspm0l11xx_l13xx/driverlib.a(dl_timer.o)
 .text.DL_Timer_getCaptureCompareOutCtl
                0x0000000000000000       0x14 /home/yff/ti/mspm0_sdk_2_00_00_03/source/ti/driverlib/lib/gcc/m0p/mspm0l11xx_l13xx/driverlib.a(dl_timer.o)
 .text.DL_Timer_setCaptureCompareAction
                0x0000000000000000       0x20 /home/yff/ti/mspm0_sdk_2_00_00_03/source/ti/driverlib/lib/gcc/m0p/mspm0l11xx_l13xx/driverlib.a(dl_timer.o)
 .text.DL_Timer_getCaptureCompareAction
                0x0000000000000000       0x1c /home/yff/ti/mspm0_sdk_2_00_00_03/source/ti/driverlib/lib/gcc/m0p/mspm0l11xx_l13xx/driverlib.a(dl_timer.o)
 .text.DL_Timer_overrideCCPOut
                0x0000000000000000       0x20 /home/yff/ti/mspm0_sdk_2_00_00_03/source/ti/driverlib/lib/gcc/m0p/mspm0l11xx_l13xx/driverlib.a(dl_timer.o)
 .text.DL_Timer_setCaptureCompareInput
                0x0000000000000000       0x20 /home/yff/ti/mspm0_sdk_2_00_00_03/source/ti/driverlib/lib/gcc/m0p/mspm0l11xx_l13xx/driverlib.a(dl_timer.o)
 .text.DL_Timer_getCaptureCompareInput
                0x0000000000000000       0x14 /home/yff/ti/mspm0_sdk_2_00_00_03/source/ti/driverlib/lib/gcc/m0p/mspm0l11xx_l13xx/driverlib.a(dl_timer.o)
 .text.DL_Timer_setCaptureCompareInputFilter
                0x0000000000000000       0x20 /home/yff/ti/mspm0_sdk_2_00_00_03/source/ti/driverlib/lib/gcc/m0p/mspm0l11xx_l13xx/driverlib.a(dl_timer.o)
 .text.DL_Timer_getCaptureCompareInputFilter
                0x0000000000000000       0x18 /home/yff/ti/mspm0_sdk_2_00_00_03/source/ti/driverlib/lib/gcc/m0p/mspm0l11xx_l13xx/driverlib.a(dl_timer.o)
 .text.DL_Timer_enableCaptureCompareInputFilter
                0x0000000000000000       0x18 /home/yff/ti/mspm0_sdk_2_00_00_03/source/ti/driverlib/lib/gcc/m0p/mspm0l11xx_l13xx/driverlib.a(dl_timer.o)
 .text.DL_Timer_disableCaptureCompareInputFilter
                0x0000000000000000       0x1c /home/yff/ti/mspm0_sdk_2_00_00_03/source/ti/driverlib/lib/gcc/m0p/mspm0l11xx_l13xx/driverlib.a(dl_timer.o)
 .text.DL_Timer_isCaptureCompareInputFilterEnabled
                0x0000000000000000       0x14 /home/yff/ti/mspm0_sdk_2_00_00_03/source/ti/driverlib/lib/gcc/m0p/mspm0l11xx_l13xx/driverlib.a(dl_timer.o)
 .text.DL_Timer_saveConfiguration
                0x0000000000000000      0x130 /home/yff/ti/mspm0_sdk_2_00_00_03/source/ti/driverlib/lib/gcc/m0p/mspm0l11xx_l13xx/driverlib.a(dl_timer.o)
 .text.DL_Timer_restoreConfiguration
                0x0000000000000000      0x148 /home/yff/ti/mspm0_sdk_2_00_00_03/source/ti/driverlib/lib/gcc/m0p/mspm0l11xx_l13xx/driverlib.a(dl_timer.o)
 .text.DL_Timer_configQEIHallInputMode
                0x0000000000000000       0x30 /home/yff/ti/mspm0_sdk_2_00_00_03/source/ti/driverlib/lib/gcc/m0p/mspm0l11xx_l13xx/driverlib.a(dl_timer.o)
 .rodata.CSWTCH.65
                0x0000000000000000        0x4 /home/yff/ti/mspm0_sdk_2_00_00_03/source/ti/driverlib/lib/gcc/m0p/mspm0l11xx_l13xx/driverlib.a(dl_timer.o)
 .text.DL_UART_getClockConfig
                0x0000000000000000       0x14 /home/yff/ti/mspm0_sdk_2_00_00_03/source/ti/driverlib/lib/gcc/m0p/mspm0l11xx_l13xx/driverlib.a(dl_uart.o)
 .text.DL_UART_configBaudRate
                0x0000000000000000       0xb0 /home/yff/ti/mspm0_sdk_2_00_00_03/source/ti/driverlib/lib/gcc/m0p/mspm0l11xx_l13xx/driverlib.a(dl_uart.o)
 .text.DL_UART_configIrDAMode
                0x0000000000000000       0x40 /home/yff/ti/mspm0_sdk_2_00_00_03/source/ti/driverlib/lib/gcc/m0p/mspm0l11xx_l13xx/driverlib.a(dl_uart.o)
 .text.DL_UART_setIrDAPulseLength
                0x0000000000000000       0x34 /home/yff/ti/mspm0_sdk_2_00_00_03/source/ti/driverlib/lib/gcc/m0p/mspm0l11xx_l13xx/driverlib.a(dl_uart.o)
 .text.DL_UART_receiveDataBlocking
                0x0000000000000000       0x1c /home/yff/ti/mspm0_sdk_2_00_00_03/source/ti/driverlib/lib/gcc/m0p/mspm0l11xx_l13xx/driverlib.a(dl_uart.o)
 .text.DL_UART_transmitDataBlocking
                0x0000000000000000       0x18 /home/yff/ti/mspm0_sdk_2_00_00_03/source/ti/driverlib/lib/gcc/m0p/mspm0l11xx_l13xx/driverlib.a(dl_uart.o)
 .text.DL_UART_receiveDataCheck
                0x0000000000000000       0x20 /home/yff/ti/mspm0_sdk_2_00_00_03/source/ti/driverlib/lib/gcc/m0p/mspm0l11xx_l13xx/driverlib.a(dl_uart.o)
 .text.DL_UART_transmitDataCheck
                0x0000000000000000       0x1c /home/yff/ti/mspm0_sdk_2_00_00_03/source/ti/driverlib/lib/gcc/m0p/mspm0l11xx_l13xx/driverlib.a(dl_uart.o)
 .text.DL_UART_drainRXFIFO
                0x0000000000000000       0x2c /home/yff/ti/mspm0_sdk_2_00_00_03/source/ti/driverlib/lib/gcc/m0p/mspm0l11xx_l13xx/driverlib.a(dl_uart.o)
 .text.DL_UART_fillTXFIFO
                0x0000000000000000       0x2c /home/yff/ti/mspm0_sdk_2_00_00_03/source/ti/driverlib/lib/gcc/m0p/mspm0l11xx_l13xx/driverlib.a(dl_uart.o)
 .text.DL_UART_Main_saveConfiguration
                0x0000000000000000       0x84 /home/yff/ti/mspm0_sdk_2_00_00_03/source/ti/driverlib/lib/gcc/m0p/mspm0l11xx_l13xx/driverlib.a(dl_uart.o)
 .text.DL_UART_Main_restoreConfiguration
                0x0000000000000000       0x90 /home/yff/ti/mspm0_sdk_2_00_00_03/source/ti/driverlib/lib/gcc/m0p/mspm0l11xx_l13xx/driverlib.a(dl_uart.o)
 .text.DL_UART_Extend_saveConfiguration
                0x0000000000000000       0xa8 /home/yff/ti/mspm0_sdk_2_00_00_03/source/ti/driverlib/lib/gcc/m0p/mspm0l11xx_l13xx/driverlib.a(dl_uart.o)
 .text.DL_UART_Extend_restoreConfiguration
                0x0000000000000000       0xc0 /home/yff/ti/mspm0_sdk_2_00_00_03/source/ti/driverlib/lib/gcc/m0p/mspm0l11xx_l13xx/driverlib.a(dl_uart.o)

Memory Configuration

Name             Origin             Length             Attributes
FLASH            0x0000000000000000 0x000000000000fff8 xr
SRAM             0x0000000020000000 0x0000000000001000 xrw
BCR_CONFIG       0x0000000041c00000 0x0000000000000080 r
BSL_CONFIG       0x0000000041c00100 0x0000000000000080 r
*default*        0x0000000000000000 0xffffffffffffffff

Linker script and memory map

LOAD obj/ti_msp_dl_config.o
LOAD obj/driver/uart.o
LOAD obj/driver/gpio.o
LOAD obj/driver/timer.o
LOAD obj/scheduler.o
LOAD obj/handler/communication.o
LOAD obj/startup_mspm0l130x_gcc.o
LOAD obj/main.o
                0x0000000000000000                _Min_Heap_Size = 0x0
                0x0000000000000080                _Min_Stack_Size = 0x80
                0x0000000000000000                PROVIDE (_intvecs_base_address = DEFINED (_intvecs_base_address)?_intvecs_base_address:0x0)

.intvecs        0x0000000000000000       0xc0
 *(.intvecs)
 .intvecs       0x0000000000000000       0xc0 obj/startup_mspm0l130x_gcc.o
                0x0000000000000000                interruptVectors
                0x0000000020000000                PROVIDE (_vtable_base_address = DEFINED (_vtable_base_address)?_vtable_base_address:0x20000000)

.vtable
 *(.vtable)

.text           0x00000000000000c0      0x738
 CREATE_OBJECT_SYMBOLS
 *(.text)
 .text          0x00000000000000c0        0x0 obj/ti_msp_dl_config.o
 .text          0x00000000000000c0        0x0 obj/driver/uart.o
 .text          0x00000000000000c0        0x0 obj/driver/gpio.o
 .text          0x00000000000000c0        0x0 obj/driver/timer.o
 .text          0x00000000000000c0        0x0 obj/scheduler.o
 .text          0x00000000000000c0        0x0 obj/handler/communication.o
 .text          0x00000000000000c0        0x0 obj/startup_mspm0l130x_gcc.o
 .text          0x00000000000000c0        0x0 obj/main.o
 .text          0x00000000000000c0        0x0 /home/yff/ti/mspm0_sdk_2_00_00_03/source/ti/driverlib/lib/gcc/m0p/mspm0l11xx_l13xx/driverlib.a(dl_common.o)
 .text          0x00000000000000c0        0x0 /home/yff/ti/mspm0_sdk_2_00_00_03/source/ti/driverlib/lib/gcc/m0p/mspm0l11xx_l13xx/driverlib.a(dl_timer.o)
 .text          0x00000000000000c0        0x0 /home/yff/ti/mspm0_sdk_2_00_00_03/source/ti/driverlib/lib/gcc/m0p/mspm0l11xx_l13xx/driverlib.a(dl_uart.o)
 .text          0x00000000000000c0      0x114 /home/yff/ti/gcc-arm-none-eabi-10.3-2021.10/bin/../lib/gcc/arm-none-eabi/10.3.1/thumb/v6-m/nofp/libgcc.a(_udivsi3.o)
                0x00000000000000c0                __udivsi3
                0x00000000000000c0                __aeabi_uidiv
                0x00000000000001cc                __aeabi_uidivmod
 .text          0x00000000000001d4        0x4 /home/yff/ti/gcc-arm-none-eabi-10.3-2021.10/bin/../lib/gcc/arm-none-eabi/10.3.1/thumb/v6-m/nofp/libgcc.a(_dvmd_tls.o)
                0x00000000000001d4                __aeabi_ldiv0
                0x00000000000001d4                __aeabi_idiv0
 .text          0x00000000000001d8        0x0 /home/yff/ti/gcc-arm-none-eabi-10.3-2021.10/bin/../lib/gcc/arm-none-eabi/10.3.1/../../../../arm-none-eabi/lib/thumb/v6-m/nofp/libc.a(lib_a-init.o)
 .text          0x00000000000001d8        0x0 /home/yff/ti/gcc-arm-none-eabi-10.3-2021.10/bin/../lib/gcc/arm-none-eabi/10.3.1/../../../../arm-none-eabi/lib/thumb/v6-m/nofp/libc.a(lib_a-memcpy-stub.o)
 .text          0x00000000000001d8        0x0 /home/yff/ti/gcc-arm-none-eabi-10.3-2021.10/bin/../lib/gcc/arm-none-eabi/10.3.1/../../../../arm-none-eabi/lib/thumb/v6-m/nofp/libc.a(lib_a-memset.o)
                0x00000000000001d8                . = ALIGN (0x8)
 *(.text.*)
 .text.SYSCFG_DL_initPower
                0x00000000000001d8       0x48 obj/ti_msp_dl_config.o
                0x00000000000001d8                SYSCFG_DL_initPower
 .text.SYSCFG_DL_GPIO_init
                0x0000000000000220       0x30 obj/ti_msp_dl_config.o
                0x0000000000000220                SYSCFG_DL_GPIO_init
 .text.SYSCFG_DL_SYSCTL_init
                0x0000000000000250       0x30 obj/ti_msp_dl_config.o
                0x0000000000000250                SYSCFG_DL_SYSCTL_init
 .text.SYSCFG_DL_init
                0x0000000000000280       0x10 obj/ti_msp_dl_config.o
                0x0000000000000280                SYSCFG_DL_init
 .text.SYSCFG_DL_UART_0_init
                0x0000000000000290       0x78 obj/driver/uart.o
                0x0000000000000290                SYSCFG_DL_UART_0_init
 .text.uart_init
                0x0000000000000308       0x20 obj/driver/uart.o
                0x0000000000000308                uart_init
 .text.UART0_IRQHandler
                0x0000000000000328       0x38 obj/driver/uart.o
                0x0000000000000328                UART0_IRQHandler
 .text.gpio_init
                0x0000000000000360        0x4 obj/driver/gpio.o
                0x0000000000000360                gpio_init
 .text.SYSCFG_DL_SYSTICK_init
                0x0000000000000364       0x2c obj/driver/timer.o
                0x0000000000000364                SYSCFG_DL_SYSTICK_init
 .text.SYSCFG_DL_PERMTICK_init
                0x0000000000000390       0x2c obj/driver/timer.o
                0x0000000000000390                SYSCFG_DL_PERMTICK_init
 .text.timer_init
                0x00000000000003bc        0xc obj/driver/timer.o
                0x00000000000003bc                timer_init
 .text.TIMG0_IRQHandler
                0x00000000000003c8       0x10 obj/driver/timer.o
                0x00000000000003c8                TIMG0_IRQHandler
 .text.permtick_count
                0x00000000000003d8       0x30 obj/driver/timer.o
                0x00000000000003d8                permtick_count
 .text.has_permtick_elapsed
                0x0000000000000408       0x10 obj/driver/timer.o
                0x0000000000000408                has_permtick_elapsed
 .text.TIMG1_IRQHandler
                0x0000000000000418       0x10 obj/driver/timer.o
                0x0000000000000418                TIMG1_IRQHandler
 .text.has_systick_elapsed
                0x0000000000000428       0x10 obj/driver/timer.o
                0x0000000000000428                has_systick_elapsed
 .text.scheduler_init
                0x0000000000000438       0x1c obj/scheduler.o
                0x0000000000000438                scheduler_init
 .text.scheduler_high_power
                0x0000000000000454       0x3c obj/scheduler.o
                0x0000000000000454                scheduler_high_power
 .text.get_power_mode
                0x0000000000000490        0xc obj/scheduler.o
                0x0000000000000490                get_power_mode
 .text.uart_callback
                0x000000000000049c       0x2c obj/handler/communication.o
 .text.communication_init
                0x00000000000004c8       0x10 obj/handler/communication.o
                0x00000000000004c8                communication_init
 .text.Default_Handler
                0x00000000000004d8        0x4 obj/startup_mspm0l130x_gcc.o
                0x00000000000004d8                TIMG2_IRQHandler
                0x00000000000004d8                I2C0_IRQHandler
                0x00000000000004d8                HardFault_Handler
                0x00000000000004d8                SysTick_Handler
                0x00000000000004d8                PendSV_Handler
                0x00000000000004d8                NMI_Handler
                0x00000000000004d8                I2C1_IRQHandler
                0x00000000000004d8                UART1_IRQHandler
                0x00000000000004d8                ADC0_IRQHandler
                0x00000000000004d8                GROUP1_IRQHandler
                0x00000000000004d8                GROUP0_IRQHandler
                0x00000000000004d8                Default_Handler
                0x00000000000004d8                SVC_Handler
                0x00000000000004d8                SPI0_IRQHandler
                0x00000000000004d8                DMA_IRQHandler
                0x00000000000004d8                TIMG4_IRQHandler
 .text.Reset_Handler
                0x00000000000004dc       0x78 obj/startup_mspm0l130x_gcc.o
                0x00000000000004dc                Reset_Handler
 .text.initStub
                0x0000000000000554        0x4 obj/startup_mspm0l130x_gcc.o
                0x0000000000000554                _init
                0x0000000000000554                initStub
 .text.startup.main
                0x0000000000000558       0x18 obj/main.o
                0x0000000000000558                main
 .text.DL_Common_delayCycles
                0x0000000000000570        0xc /home/yff/ti/mspm0_sdk_2_00_00_03/source/ti/driverlib/lib/gcc/m0p/mspm0l11xx_l13xx/driverlib.a(dl_common.o)
                0x0000000000000570                DL_Common_delayCycles
 .text.DL_Timer_setClockConfig
                0x000000000000057c       0x1c /home/yff/ti/mspm0_sdk_2_00_00_03/source/ti/driverlib/lib/gcc/m0p/mspm0l11xx_l13xx/driverlib.a(dl_timer.o)
                0x000000000000057c                DL_Timer_setClockConfig
 .text.DL_Timer_initTimerMode
                0x0000000000000598       0x74 /home/yff/ti/mspm0_sdk_2_00_00_03/source/ti/driverlib/lib/gcc/m0p/mspm0l11xx_l13xx/driverlib.a(dl_timer.o)
                0x0000000000000598                DL_Timer_initTimerMode
 .text.DL_UART_init
                0x000000000000060c       0x48 /home/yff/ti/mspm0_sdk_2_00_00_03/source/ti/driverlib/lib/gcc/m0p/mspm0l11xx_l13xx/driverlib.a(dl_uart.o)
                0x000000000000060c                DL_UART_init
 .text.DL_UART_setClockConfig
                0x0000000000000654       0x14 /home/yff/ti/mspm0_sdk_2_00_00_03/source/ti/driverlib/lib/gcc/m0p/mspm0l11xx_l13xx/driverlib.a(dl_uart.o)
                0x0000000000000654                DL_UART_setClockConfig
 .text.__libc_init_array
                0x0000000000000668       0x44 /home/yff/ti/gcc-arm-none-eabi-10.3-2021.10/bin/../lib/gcc/arm-none-eabi/10.3.1/../../../../arm-none-eabi/lib/thumb/v6-m/nofp/libc.a(lib_a-init.o)
                0x0000000000000668                __libc_init_array
 .text.memcpy   0x00000000000006ac       0xa4 /home/yff/ti/gcc-arm-none-eabi-10.3-2021.10/bin/../lib/gcc/arm-none-eabi/10.3.1/../../../../arm-none-eabi/lib/thumb/v6-m/nofp/libc.a(lib_a-memcpy-stub.o)
                0x00000000000006ac                memcpy
 .text.memset   0x0000000000000750       0xa8 /home/yff/ti/gcc-arm-none-eabi-10.3-2021.10/bin/../lib/gcc/arm-none-eabi/10.3.1/../../../../arm-none-eabi/lib/thumb/v6-m/nofp/libc.a(lib_a-memset.o)
                0x0000000000000750                memset
                0x00000000000007f8                . = ALIGN (0x8)
 *(.ctors)
                0x00000000000007f8                . = ALIGN (0x8)
 *(.dtors)
                0x00000000000007f8                . = ALIGN (0x8)
 *(.init)
                0x00000000000007f8                . = ALIGN (0x8)
 *(.fini*)
                0x00000000000007f8                . = ALIGN (0x8)

.glue_7         0x00000000000007f8        0x0
 .glue_7        0x00000000000007f8        0x0 linker stubs

.glue_7t        0x00000000000007f8        0x0
 .glue_7t       0x00000000000007f8        0x0 linker stubs

.vfp11_veneer   0x00000000000007f8        0x0
 .vfp11_veneer  0x00000000000007f8        0x0 linker stubs

.v4_bx          0x00000000000007f8        0x0
 .v4_bx         0x00000000000007f8        0x0 linker stubs

.iplt           0x00000000000007f8        0x0
 .iplt          0x00000000000007f8        0x0 obj/ti_msp_dl_config.o

.ramfunc        0x0000000020000000        0x0 load address 0x00000000000007f8
                0x00000000000007f8                __ramfunct_load__ = LOADADDR (.ramfunc)
                0x0000000020000000                __ramfunct_start__ = .
 *(.ramfunc)
                0x0000000020000000                . = ALIGN (0x8)
                0x0000000020000000                __ramfunct_end__ = .

.rodata         0x00000000000007f8       0xd0
 *(.rodata)
                0x00000000000007f8                . = ALIGN (0x8)
 *(.rodata.*)
 .rodata.gUART_0ClockConfig
                0x00000000000007f8        0x2 obj/driver/uart.o
 *fill*         0x00000000000007fa        0x2 
 .rodata.gUART_0Config
                0x00000000000007fc        0xa obj/driver/uart.o
 *fill*         0x0000000000000806        0x2 
 .rodata.gPERMTICKClockConfig
                0x0000000000000808        0x3 obj/driver/timer.o
 *fill*         0x000000000000080b        0x1 
 .rodata.gPERMTICKTimerConfig
                0x000000000000080c       0x14 obj/driver/timer.o
 .rodata.gSYSTICKClockConfig
                0x0000000000000820        0x3 obj/driver/timer.o
 *fill*         0x0000000000000823        0x1 
 .rodata.gSYSTICKTimerConfig
                0x0000000000000824       0x14 obj/driver/timer.o
 .rodata.DL_Timer_initTimerMode
                0x0000000000000838       0x8c /home/yff/ti/mspm0_sdk_2_00_00_03/source/ti/driverlib/lib/gcc/m0p/mspm0l11xx_l13xx/driverlib.a(dl_timer.o)
                0x00000000000008c8                . = ALIGN (0x8)
 *fill*         0x00000000000008c4        0x4 

.rel.dyn        0x00000000000008c8        0x0
 .rel.iplt      0x00000000000008c8        0x0 obj/ti_msp_dl_config.o

.preinit_array  0x00000000000008c8        0x0
                0x00000000000008c8                PROVIDE (__preinit_array_start = .)
 *(.preinit_array*)
                0x00000000000008c8                PROVIDE (__preinit_array_end = .)

.init_array     0x00000000000008c8        0x0
                0x00000000000008c8                . = ALIGN (0x8)
                0x00000000000008c8                PROVIDE (__init_array_start = .)
 *(SORT_BY_NAME(.init_array.*))
 *(.init_array*)
                0x00000000000008c8                PROVIDE (__init_array_end = .)

.fini_array     0x00000000000008c8        0x0
                0x00000000000008c8                . = ALIGN (0x8)
                [!provide]                        PROVIDE (__fini_array_start = .)
 *(SORT_BY_NAME(.fini_array.*))
 *(.fini_array*)
                [!provide]                        PROVIDE (__fini_array_end = .)
                0x00000000000008c8                . = ALIGN (0x8)

.ARM.exidx      0x00000000000008c8        0x0
                0x00000000000008c8                __exidx_start = .
 *(.ARM.exidx* .gnu.linkonce.armexidx.*)
                0x00000000000008c8                __exidx_end = .

.ARM.extab      0x00000000000008c8        0x0
                0x00000000000008c8                . = ALIGN (0x8)
 *(.ARM.extab* .gnu.linkonce.armextab.*)
                0x00000000000008c8                . = ALIGN (0x8)
                0x00000000000008c8                __etext = .

.data           0x0000000020000000        0x0 load address 0x00000000000008c8
                0x00000000000008c8                __data_load__ = LOADADDR (.data)
                0x0000000020000000                __data_start__ = .
 *(.data)
 .data          0x0000000020000000        0x0 obj/ti_msp_dl_config.o
 .data          0x0000000020000000        0x0 obj/driver/uart.o
 .data          0x0000000020000000        0x0 obj/driver/gpio.o
 .data          0x0000000020000000        0x0 obj/driver/timer.o
 .data          0x0000000020000000        0x0 obj/scheduler.o
 .data          0x0000000020000000        0x0 obj/handler/communication.o
 .data          0x0000000020000000        0x0 obj/startup_mspm0l130x_gcc.o
 .data          0x0000000020000000        0x0 obj/main.o
 .data          0x0000000020000000        0x0 /home/yff/ti/mspm0_sdk_2_00_00_03/source/ti/driverlib/lib/gcc/m0p/mspm0l11xx_l13xx/driverlib.a(dl_common.o)
 .data          0x0000000020000000        0x0 /home/yff/ti/mspm0_sdk_2_00_00_03/source/ti/driverlib/lib/gcc/m0p/mspm0l11xx_l13xx/driverlib.a(dl_timer.o)
 .data          0x0000000020000000        0x0 /home/yff/ti/mspm0_sdk_2_00_00_03/source/ti/driverlib/lib/gcc/m0p/mspm0l11xx_l13xx/driverlib.a(dl_uart.o)
 .data          0x0000000020000000        0x0 /home/yff/ti/gcc-arm-none-eabi-10.3-2021.10/bin/../lib/gcc/arm-none-eabi/10.3.1/thumb/v6-m/nofp/libgcc.a(_udivsi3.o)
 .data          0x0000000020000000        0x0 /home/yff/ti/gcc-arm-none-eabi-10.3-2021.10/bin/../lib/gcc/arm-none-eabi/10.3.1/thumb/v6-m/nofp/libgcc.a(_dvmd_tls.o)
 .data          0x0000000020000000        0x0 /home/yff/ti/gcc-arm-none-eabi-10.3-2021.10/bin/../lib/gcc/arm-none-eabi/10.3.1/../../../../arm-none-eabi/lib/thumb/v6-m/nofp/libc.a(lib_a-init.o)
 .data          0x0000000020000000        0x0 /home/yff/ti/gcc-arm-none-eabi-10.3-2021.10/bin/../lib/gcc/arm-none-eabi/10.3.1/../../../../arm-none-eabi/lib/thumb/v6-m/nofp/libc.a(lib_a-memcpy-stub.o)
 .data          0x0000000020000000        0x0 /home/yff/ti/gcc-arm-none-eabi-10.3-2021.10/bin/../lib/gcc/arm-none-eabi/10.3.1/../../../../arm-none-eabi/lib/thumb/v6-m/nofp/libc.a(lib_a-memset.o)
 *(.data*)
                0x0000000020000000                . = ALIGN (0x8)
                0x0000000020000000                __data_end__ = .

.igot.plt       0x0000000020000000        0x0 load address 0x00000000000008c8
 .igot.plt      0x0000000020000000        0x0 obj/ti_msp_dl_config.o

.bss            0x0000000020000000       0x18
                0x0000000020000000                __bss_start__ = .
 *(.shbss)
 *(.bss)
 .bss           0x0000000020000000        0x0 obj/ti_msp_dl_config.o
 .bss           0x0000000020000000        0x0 obj/driver/uart.o
 .bss           0x0000000020000000        0x0 obj/driver/gpio.o
 .bss           0x0000000020000000        0x0 obj/driver/timer.o
 .bss           0x0000000020000000        0x0 obj/scheduler.o
 .bss           0x0000000020000000        0x0 obj/handler/communication.o
 .bss           0x0000000020000000        0x0 obj/startup_mspm0l130x_gcc.o
 .bss           0x0000000020000000        0x0 obj/main.o
 .bss           0x0000000020000000        0x0 /home/yff/ti/mspm0_sdk_2_00_00_03/source/ti/driverlib/lib/gcc/m0p/mspm0l11xx_l13xx/driverlib.a(dl_common.o)
 .bss           0x0000000020000000        0x0 /home/yff/ti/mspm0_sdk_2_00_00_03/source/ti/driverlib/lib/gcc/m0p/mspm0l11xx_l13xx/driverlib.a(dl_timer.o)
 .bss           0x0000000020000000        0x0 /home/yff/ti/mspm0_sdk_2_00_00_03/source/ti/driverlib/lib/gcc/m0p/mspm0l11xx_l13xx/driverlib.a(dl_uart.o)
 .bss           0x0000000020000000        0x0 /home/yff/ti/gcc-arm-none-eabi-10.3-2021.10/bin/../lib/gcc/arm-none-eabi/10.3.1/thumb/v6-m/nofp/libgcc.a(_udivsi3.o)
 .bss           0x0000000020000000        0x0 /home/yff/ti/gcc-arm-none-eabi-10.3-2021.10/bin/../lib/gcc/arm-none-eabi/10.3.1/thumb/v6-m/nofp/libgcc.a(_dvmd_tls.o)
 .bss           0x0000000020000000        0x0 /home/yff/ti/gcc-arm-none-eabi-10.3-2021.10/bin/../lib/gcc/arm-none-eabi/10.3.1/../../../../arm-none-eabi/lib/thumb/v6-m/nofp/libc.a(lib_a-init.o)
 .bss           0x0000000020000000        0x0 /home/yff/ti/gcc-arm-none-eabi-10.3-2021.10/bin/../lib/gcc/arm-none-eabi/10.3.1/../../../../arm-none-eabi/lib/thumb/v6-m/nofp/libc.a(lib_a-memcpy-stub.o)
 .bss           0x0000000020000000        0x0 /home/yff/ti/gcc-arm-none-eabi-10.3-2021.10/bin/../lib/gcc/arm-none-eabi/10.3.1/../../../../arm-none-eabi/lib/thumb/v6-m/nofp/libc.a(lib_a-memset.o)
 *(.bss.*)
 .bss.rx_data   0x0000000020000000        0x1 obj/driver/uart.o
 *fill*         0x0000000020000001        0x3 
 .bss.write_buffer
                0x0000000020000004        0x4 obj/driver/uart.o
 .bss.permtick_cnt
                0x0000000020000008        0x4 obj/driver/timer.o
 .bss.permtick_cnt_accumulated
                0x000000002000000c        0x4 obj/driver/timer.o
 .bss.permtick_temp
                0x0000000020000010        0x1 obj/driver/timer.o
 .bss.systick_temp
                0x0000000020000011        0x1 obj/driver/timer.o
 .bss.current_power_mode
                0x0000000020000012        0x1 obj/scheduler.o
 .bss.current_state
                0x0000000020000013        0x1 obj/handler/communication.o
                0x0000000020000013                current_state
 *(COMMON)
                0x0000000020000018                . = ALIGN (0x8)
 *fill*         0x0000000020000014        0x4 
                0x0000000020000018                __bss_end__ = .

.noinit         0x0000000020000018        0x0
 *(*.noinit*)
                0x0000000020000018                . = ALIGN (0x8)

.heap           0x0000000020000018        0x0
                0x0000000020000018                __heap_start__ = .
                0x0000000020000018                end = __heap_start__
                0x0000000020000018                _end = end
                0x0000000020000018                __end = end
 *(.heap)
                0x0000000020000018                __heap_end__ = .
                0x0000000020000018                __HeapLimit = __heap_end__

.stack          0x0000000020000018        0x0
                0x0000000020000018                _stack = .
 *(.stack)

.BCRConfig
 *(.BCRConfig)

.BSLConfig
 *(.BSLConfig)
                0x0000000020001000                __StackTop = (ORIGIN (REGION_STACK) + LENGTH (REGION_STACK))
                [!provide]                        PROVIDE (__stack = __StackTop)
LOAD /home/yff/ti/mspm0_sdk_2_00_00_03/source/ti/driverlib/lib/gcc/m0p/mspm0l11xx_l13xx/driverlib.a
LOAD /home/yff/ti/mspm0_sdk_2_00_00_03/source/ti/driverlib/lib/gcc/m0p/mspm0l11xx_l13xx/driverlib.a
LOAD /home/yff/ti/gcc-arm-none-eabi-10.3-2021.10/bin/../lib/gcc/arm-none-eabi/10.3.1/thumb/v6-m/nofp/libgcc.a
LOAD /home/yff/ti/gcc-arm-none-eabi-10.3-2021.10/bin/../lib/gcc/arm-none-eabi/10.3.1/../../../../arm-none-eabi/lib/thumb/v6-m/nofp/libc.a
LOAD /home/yff/ti/gcc-arm-none-eabi-10.3-2021.10/bin/../lib/gcc/arm-none-eabi/10.3.1/../../../../arm-none-eabi/lib/thumb/v6-m/nofp/libm.a
LOAD /home/yff/ti/gcc-arm-none-eabi-10.3-2021.10/bin/../lib/gcc/arm-none-eabi/10.3.1/../../../../arm-none-eabi/lib/thumb/v6-m/nofp/libnosys.a
START GROUP
LOAD /home/yff/ti/gcc-arm-none-eabi-10.3-2021.10/bin/../lib/gcc/arm-none-eabi/10.3.1/thumb/v6-m/nofp/libgcc.a
LOAD /home/yff/ti/gcc-arm-none-eabi-10.3-2021.10/bin/../lib/gcc/arm-none-eabi/10.3.1/../../../../arm-none-eabi/lib/thumb/v6-m/nofp/libg.a
LOAD /home/yff/ti/gcc-arm-none-eabi-10.3-2021.10/bin/../lib/gcc/arm-none-eabi/10.3.1/../../../../arm-none-eabi/lib/thumb/v6-m/nofp/libc.a
END GROUP
OUTPUT(bin/app.out elf32-littlearm)
LOAD linker stubs

.debug_info     0x0000000000000000    0x31302
 .debug_info    0x0000000000000000     0x4c17 obj/ti_msp_dl_config.o
 .debug_info    0x0000000000004c17     0x4e53 obj/driver/uart.o
 .debug_info    0x0000000000009a6a     0x468a obj/driver/gpio.o
 .debug_info    0x000000000000e0f4     0x4a08 obj/driver/timer.o
 .debug_info    0x0000000000012afc     0x4691 obj/scheduler.o
 .debug_info    0x000000000001718d     0x46b2 obj/handler/communication.o
 .debug_info    0x000000000001b83f      0x1b8 obj/startup_mspm0l130x_gcc.o
 .debug_info    0x000000000001b9f7     0x465a obj/main.o
 .debug_info    0x0000000000020051     0x465e /home/yff/ti/mspm0_sdk_2_00_00_03/source/ti/driverlib/lib/gcc/m0p/mspm0l11xx_l13xx/driverlib.a(dl_common.o)
 .debug_info    0x00000000000246af     0x756b /home/yff/ti/mspm0_sdk_2_00_00_03/source/ti/driverlib/lib/gcc/m0p/mspm0l11xx_l13xx/driverlib.a(dl_timer.o)
 .debug_info    0x000000000002bc1a     0x56e8 /home/yff/ti/mspm0_sdk_2_00_00_03/source/ti/driverlib/lib/gcc/m0p/mspm0l11xx_l13xx/driverlib.a(dl_uart.o)

.debug_abbrev   0x0000000000000000     0x1c00
 .debug_abbrev  0x0000000000000000      0x2e2 obj/ti_msp_dl_config.o
 .debug_abbrev  0x00000000000002e2      0x389 obj/driver/uart.o
 .debug_abbrev  0x000000000000066b      0x20f obj/driver/gpio.o
 .debug_abbrev  0x000000000000087a      0x26d obj/driver/timer.o
 .debug_abbrev  0x0000000000000ae7      0x204 obj/scheduler.o
 .debug_abbrev  0x0000000000000ceb      0x22f obj/handler/communication.o
 .debug_abbrev  0x0000000000000f1a       0xd6 obj/startup_mspm0l130x_gcc.o
 .debug_abbrev  0x0000000000000ff0      0x1e0 obj/main.o
 .debug_abbrev  0x00000000000011d0      0x1e2 /home/yff/ti/mspm0_sdk_2_00_00_03/source/ti/driverlib/lib/gcc/m0p/mspm0l11xx_l13xx/driverlib.a(dl_common.o)
 .debug_abbrev  0x00000000000013b2      0x441 /home/yff/ti/mspm0_sdk_2_00_00_03/source/ti/driverlib/lib/gcc/m0p/mspm0l11xx_l13xx/driverlib.a(dl_timer.o)
 .debug_abbrev  0x00000000000017f3      0x40d /home/yff/ti/mspm0_sdk_2_00_00_03/source/ti/driverlib/lib/gcc/m0p/mspm0l11xx_l13xx/driverlib.a(dl_uart.o)

.debug_aranges  0x0000000000000000      0x3b8
 .debug_aranges
                0x0000000000000000       0x38 obj/ti_msp_dl_config.o
 .debug_aranges
                0x0000000000000038       0x38 obj/driver/uart.o
 .debug_aranges
                0x0000000000000070       0x28 obj/driver/gpio.o
 .debug_aranges
                0x0000000000000098       0x60 obj/driver/timer.o
 .debug_aranges
                0x00000000000000f8       0x30 obj/scheduler.o
 .debug_aranges
                0x0000000000000128       0x28 obj/handler/communication.o
 .debug_aranges
                0x0000000000000150       0x30 obj/startup_mspm0l130x_gcc.o
 .debug_aranges
                0x0000000000000180       0x20 obj/main.o
 .debug_aranges
                0x00000000000001a0       0x20 /home/yff/ti/mspm0_sdk_2_00_00_03/source/ti/driverlib/lib/gcc/m0p/mspm0l11xx_l13xx/driverlib.a(dl_common.o)
 .debug_aranges
                0x00000000000001c0      0x160 /home/yff/ti/mspm0_sdk_2_00_00_03/source/ti/driverlib/lib/gcc/m0p/mspm0l11xx_l13xx/driverlib.a(dl_timer.o)
 .debug_aranges
                0x0000000000000320       0x98 /home/yff/ti/mspm0_sdk_2_00_00_03/source/ti/driverlib/lib/gcc/m0p/mspm0l11xx_l13xx/driverlib.a(dl_uart.o)

.debug_ranges   0x0000000000000000      0xd08
 .debug_ranges  0x0000000000000000      0x118 obj/ti_msp_dl_config.o
 .debug_ranges  0x0000000000000118       0x70 obj/driver/uart.o
 .debug_ranges  0x0000000000000188       0x30 obj/driver/gpio.o
 .debug_ranges  0x00000000000001b8       0x50 obj/driver/timer.o
 .debug_ranges  0x0000000000000208       0x20 obj/scheduler.o
 .debug_ranges  0x0000000000000228       0x18 obj/handler/communication.o
 .debug_ranges  0x0000000000000240       0x20 obj/startup_mspm0l130x_gcc.o
 .debug_ranges  0x0000000000000260       0x10 obj/main.o
 .debug_ranges  0x0000000000000270       0x10 /home/yff/ti/mspm0_sdk_2_00_00_03/source/ti/driverlib/lib/gcc/m0p/mspm0l11xx_l13xx/driverlib.a(dl_common.o)
 .debug_ranges  0x0000000000000280      0x718 /home/yff/ti/mspm0_sdk_2_00_00_03/source/ti/driverlib/lib/gcc/m0p/mspm0l11xx_l13xx/driverlib.a(dl_timer.o)
 .debug_ranges  0x0000000000000998      0x370 /home/yff/ti/mspm0_sdk_2_00_00_03/source/ti/driverlib/lib/gcc/m0p/mspm0l11xx_l13xx/driverlib.a(dl_uart.o)

.debug_line     0x0000000000000000     0x4f27
 .debug_line    0x0000000000000000      0x627 obj/ti_msp_dl_config.o
 .debug_line    0x0000000000000627      0x58f obj/driver/uart.o
 .debug_line    0x0000000000000bb6      0x3ac obj/driver/gpio.o
 .debug_line    0x0000000000000f62      0x521 obj/driver/timer.o
 .debug_line    0x0000000000001483      0x3e5 obj/scheduler.o
 .debug_line    0x0000000000001868      0x395 obj/handler/communication.o
 .debug_line    0x0000000000001bfd      0x175 obj/startup_mspm0l130x_gcc.o
 .debug_line    0x0000000000001d72      0x356 obj/main.o
 .debug_line    0x00000000000020c8      0x3d7 /home/yff/ti/mspm0_sdk_2_00_00_03/source/ti/driverlib/lib/gcc/m0p/mspm0l11xx_l13xx/driverlib.a(dl_common.o)
 .debug_line    0x000000000000249f     0x1c25 /home/yff/ti/mspm0_sdk_2_00_00_03/source/ti/driverlib/lib/gcc/m0p/mspm0l11xx_l13xx/driverlib.a(dl_timer.o)
 .debug_line    0x00000000000040c4      0xe63 /home/yff/ti/mspm0_sdk_2_00_00_03/source/ti/driverlib/lib/gcc/m0p/mspm0l11xx_l13xx/driverlib.a(dl_uart.o)

.debug_str      0x0000000000000000     0x44d3
 .debug_str     0x0000000000000000     0x1a23 obj/ti_msp_dl_config.o
                                       0x1ae5 (size before relaxing)
 .debug_str     0x0000000000001a23      0x9ac obj/driver/uart.o
                                       0x1e90 (size before relaxing)
 .debug_str     0x00000000000023cf       0x3b obj/driver/gpio.o
                                       0x14e3 (size before relaxing)
 .debug_str     0x000000000000240a      0x4bf obj/driver/timer.o
                                       0x1995 (size before relaxing)
 .debug_str     0x00000000000028c9       0x83 obj/scheduler.o
                                       0x1521 (size before relaxing)
 .debug_str     0x000000000000294c       0x66 obj/handler/communication.o
                                       0x151b (size before relaxing)
 .debug_str     0x00000000000029b2       0xf3 obj/startup_mspm0l130x_gcc.o
                                        0x253 (size before relaxing)
 .debug_str     0x0000000000002aa5       0x10 obj/main.o
                                       0x14db (size before relaxing)
 .debug_str     0x0000000000002ab5      0x1b6 /home/yff/ti/mspm0_sdk_2_00_00_03/source/ti/driverlib/lib/gcc/m0p/mspm0l11xx_l13xx/driverlib.a(dl_common.o)
                                       0x1586 (size before relaxing)
 .debug_str     0x0000000000002c6b     0x13d8 /home/yff/ti/mspm0_sdk_2_00_00_03/source/ti/driverlib/lib/gcc/m0p/mspm0l11xx_l13xx/driverlib.a(dl_timer.o)
                                       0x2bef (size before relaxing)
 .debug_str     0x0000000000004043      0x490 /home/yff/ti/mspm0_sdk_2_00_00_03/source/ti/driverlib/lib/gcc/m0p/mspm0l11xx_l13xx/driverlib.a(dl_uart.o)
                                       0x1efa (size before relaxing)

.comment        0x0000000000000000       0xc2
 .comment       0x0000000000000000       0x49 obj/ti_msp_dl_config.o
                                         0x4a (size before relaxing)
 .comment       0x0000000000000049       0x4a obj/driver/uart.o
 .comment       0x0000000000000049       0x4a obj/driver/gpio.o
 .comment       0x0000000000000049       0x4a obj/driver/timer.o
 .comment       0x0000000000000049       0x4a obj/scheduler.o
 .comment       0x0000000000000049       0x4a obj/handler/communication.o
 .comment       0x0000000000000049       0x4a obj/startup_mspm0l130x_gcc.o
 .comment       0x0000000000000049       0x4a obj/main.o
 .comment       0x0000000000000049       0x79 /home/yff/ti/mspm0_sdk_2_00_00_03/source/ti/driverlib/lib/gcc/m0p/mspm0l11xx_l13xx/driverlib.a(dl_common.o)
                                         0x7a (size before relaxing)
 .comment       0x00000000000000c2       0x7a /home/yff/ti/mspm0_sdk_2_00_00_03/source/ti/driverlib/lib/gcc/m0p/mspm0l11xx_l13xx/driverlib.a(dl_timer.o)
 .comment       0x00000000000000c2       0x7a /home/yff/ti/mspm0_sdk_2_00_00_03/source/ti/driverlib/lib/gcc/m0p/mspm0l11xx_l13xx/driverlib.a(dl_uart.o)

.ARM.attributes
                0x0000000000000000       0x2c
 .ARM.attributes
                0x0000000000000000       0x2c obj/ti_msp_dl_config.o
 .ARM.attributes
                0x000000000000002c       0x2c obj/driver/uart.o
 .ARM.attributes
                0x0000000000000058       0x2c obj/driver/gpio.o
 .ARM.attributes
                0x0000000000000084       0x2c obj/driver/timer.o
 .ARM.attributes
                0x00000000000000b0       0x2c obj/scheduler.o
 .ARM.attributes
                0x00000000000000dc       0x2c obj/handler/communication.o
 .ARM.attributes
                0x0000000000000108       0x2c obj/startup_mspm0l130x_gcc.o
 .ARM.attributes
                0x0000000000000134       0x2c obj/main.o
 .ARM.attributes
                0x0000000000000160       0x2b /home/yff/ti/mspm0_sdk_2_00_00_03/source/ti/driverlib/lib/gcc/m0p/mspm0l11xx_l13xx/driverlib.a(dl_common.o)
 .ARM.attributes
                0x000000000000018b       0x2b /home/yff/ti/mspm0_sdk_2_00_00_03/source/ti/driverlib/lib/gcc/m0p/mspm0l11xx_l13xx/driverlib.a(dl_timer.o)
 .ARM.attributes
                0x00000000000001b6       0x2b /home/yff/ti/mspm0_sdk_2_00_00_03/source/ti/driverlib/lib/gcc/m0p/mspm0l11xx_l13xx/driverlib.a(dl_uart.o)
 .ARM.attributes
                0x00000000000001e1       0x1e /home/yff/ti/gcc-arm-none-eabi-10.3-2021.10/bin/../lib/gcc/arm-none-eabi/10.3.1/thumb/v6-m/nofp/libgcc.a(_udivsi3.o)
 .ARM.attributes
                0x00000000000001ff       0x1e /home/yff/ti/gcc-arm-none-eabi-10.3-2021.10/bin/../lib/gcc/arm-none-eabi/10.3.1/thumb/v6-m/nofp/libgcc.a(_dvmd_tls.o)
 .ARM.attributes
                0x000000000000021d       0x2c /home/yff/ti/gcc-arm-none-eabi-10.3-2021.10/bin/../lib/gcc/arm-none-eabi/10.3.1/../../../../arm-none-eabi/lib/thumb/v6-m/nofp/libc.a(lib_a-init.o)
 .ARM.attributes
                0x0000000000000249       0x2c /home/yff/ti/gcc-arm-none-eabi-10.3-2021.10/bin/../lib/gcc/arm-none-eabi/10.3.1/../../../../arm-none-eabi/lib/thumb/v6-m/nofp/libc.a(lib_a-memcpy-stub.o)
 .ARM.attributes
                0x0000000000000275       0x2c /home/yff/ti/gcc-arm-none-eabi-10.3-2021.10/bin/../lib/gcc/arm-none-eabi/10.3.1/../../../../arm-none-eabi/lib/thumb/v6-m/nofp/libc.a(lib_a-memset.o)

.debug_frame    0x0000000000000000      0x878
 .debug_frame   0x0000000000000000       0x64 obj/ti_msp_dl_config.o
 .debug_frame   0x0000000000000064       0x74 obj/driver/uart.o
 .debug_frame   0x00000000000000d8       0x30 obj/driver/gpio.o
 .debug_frame   0x0000000000000108       0xb8 obj/driver/timer.o
 .debug_frame   0x00000000000001c0       0x50 obj/scheduler.o
 .debug_frame   0x0000000000000210       0x38 obj/handler/communication.o
 .debug_frame   0x0000000000000248       0x48 obj/startup_mspm0l130x_gcc.o
 .debug_frame   0x0000000000000290       0x28 obj/main.o
 .debug_frame   0x00000000000002b8       0x20 /home/yff/ti/mspm0_sdk_2_00_00_03/source/ti/driverlib/lib/gcc/m0p/mspm0l11xx_l13xx/driverlib.a(dl_common.o)
 .debug_frame   0x00000000000002d8      0x34c /home/yff/ti/mspm0_sdk_2_00_00_03/source/ti/driverlib/lib/gcc/m0p/mspm0l11xx_l13xx/driverlib.a(dl_timer.o)
 .debug_frame   0x0000000000000624      0x1a4 /home/yff/ti/mspm0_sdk_2_00_00_03/source/ti/driverlib/lib/gcc/m0p/mspm0l11xx_l13xx/driverlib.a(dl_uart.o)
 .debug_frame   0x00000000000007c8       0x20 /home/yff/ti/gcc-arm-none-eabi-10.3-2021.10/bin/../lib/gcc/arm-none-eabi/10.3.1/thumb/v6-m/nofp/libgcc.a(_udivsi3.o)
 .debug_frame   0x00000000000007e8       0x2c /home/yff/ti/gcc-arm-none-eabi-10.3-2021.10/bin/../lib/gcc/arm-none-eabi/10.3.1/../../../../arm-none-eabi/lib/thumb/v6-m/nofp/libc.a(lib_a-init.o)
 .debug_frame   0x0000000000000814       0x34 /home/yff/ti/gcc-arm-none-eabi-10.3-2021.10/bin/../lib/gcc/arm-none-eabi/10.3.1/../../../../arm-none-eabi/lib/thumb/v6-m/nofp/libc.a(lib_a-memcpy-stub.o)
 .debug_frame   0x0000000000000848       0x30 /home/yff/ti/gcc-arm-none-eabi-10.3-2021.10/bin/../lib/gcc/arm-none-eabi/10.3.1/../../../../arm-none-eabi/lib/thumb/v6-m/nofp/libc.a(lib_a-memset.o)

.debug_loc      0x0000000000000000     0x3362
 .debug_loc     0x0000000000000000       0x53 obj/driver/uart.o
 .debug_loc     0x0000000000000053     0x285e /home/yff/ti/mspm0_sdk_2_00_00_03/source/ti/driverlib/lib/gcc/m0p/mspm0l11xx_l13xx/driverlib.a(dl_timer.o)
 .debug_loc     0x00000000000028b1      0xab1 /home/yff/ti/mspm0_sdk_2_00_00_03/source/ti/driverlib/lib/gcc/m0p/mspm0l11xx_l13xx/driverlib.a(dl_uart.o)
