Archive member included to satisfy reference by file (symbol)

/home/yff/ti/mspm0_sdk_2_04_00_06/source/ti/driverlib/lib/gcc/m0p/mspm0l11xx_l13xx/driverlib.a(dl_adc12.o)
                              obj/ti_msp_dl_config.o (DL_ADC12_setClockConfig)
/home/yff/ti/mspm0_sdk_2_04_00_06/source/ti/driverlib/lib/gcc/m0p/mspm0l11xx_l13xx/driverlib.a(dl_common.o)
                              obj/ti_msp_dl_config.o (DL_Common_delayCycles)
/home/yff/ti/mspm0_sdk_2_04_00_06/source/ti/driverlib/lib/gcc/m0p/mspm0l11xx_l13xx/driverlib.a(dl_vref.o)
                              obj/ti_msp_dl_config.o (DL_VREF_configReference)
/usr/lib/gcc/arm-none-eabi/13.2.1/../../../arm-none-eabi/lib/thumb/v6-m/nofp/libc.a(libc_a-memset.o)
                              obj/startup_mspm0l130x_gcc.o (memset)
/usr/lib/gcc/arm-none-eabi/13.2.1/../../../arm-none-eabi/lib/thumb/v6-m/nofp/libc.a(libc_a-memcpy-stub.o)
                              obj/startup_mspm0l130x_gcc.o (memcpy)
/usr/lib/gcc/arm-none-eabi/13.2.1/../../../arm-none-eabi/lib/thumb/v6-m/nofp/libc.a(libc_a-init.o)
                              obj/startup_mspm0l130x_gcc.o (__libc_init_array)

Discarded input sections

 .text.uart_init
                0x00000000        0x4 obj/driver/uart.o
 .bss.rx_data   0x00000000        0x1 obj/driver/uart.o
 .text.gpio_toggle
                0x00000000        0x4 obj/driver/gpio.o
 .bss.systick_temp
                0x00000000        0x1 obj/driver/timer.o
 .bss.permtick_temp
                0x00000000        0x1 obj/driver/timer.o
 .bss.current_state
                0x00000000        0x1 obj/handler/communication.o
 .text.DL_ADC12_getClockConfig
                0x00000000       0x30 /home/yff/ti/mspm0_sdk_2_04_00_06/source/ti/driverlib/lib/gcc/m0p/mspm0l11xx_l13xx/driverlib.a(dl_adc12.o)
 .text.DL_VREF_setClockConfig
                0x00000000       0x14 /home/yff/ti/mspm0_sdk_2_04_00_06/source/ti/driverlib/lib/gcc/m0p/mspm0l11xx_l13xx/driverlib.a(dl_vref.o)
 .text.DL_VREF_getClockConfig
                0x00000000       0x14 /home/yff/ti/mspm0_sdk_2_04_00_06/source/ti/driverlib/lib/gcc/m0p/mspm0l11xx_l13xx/driverlib.a(dl_vref.o)

Memory Configuration

Name             Origin             Length             Attributes
FLASH            0x00000000         0x0000fbf8         xr
NVM              0x0000fbf8         0x00000400         r
SRAM             0x20000000         0x00001000         xrw
BCR_CONFIG       0x41c00000         0x00000080         r
BSL_CONFIG       0x41c00100         0x00000080         r
*default*        0x00000000         0xffffffff

Linker script and memory map

LOAD obj/scheduler.o
LOAD obj/startup_mspm0l130x_gcc.o
LOAD obj/driver/uart.o
LOAD obj/driver/adc.o
LOAD obj/driver/gpio.o
LOAD obj/driver/timer.o
LOAD obj/main.o
LOAD obj/ti_msp_dl_config.o
LOAD obj/handler/communication.o
                0x00000000                        _Min_Heap_Size = 0x0
                0x00000080                        _Min_Stack_Size = 0x80
                0x0000fff8                        FLASH_SIZE = 0xfff8
                0x00000080                        PARAM_SOFTWARE_SIZE = 0x80
                0x00000080                        PARAM_ERROR_SIZE = 0x80
                0x00000080                        PARAM_ASSEMBLY_SIZE = 0x80
                0x00000080                        PARAM_EOL_SIZE = 0x80
                0x00000080                        PARAM_PRODUCTION_SIZE = 0x80
                0x00000080                        PARAM_USER_SIZE = 0x80
                0x00000100                        PARAM_DEVICE_SIZE = 0x100
                0x00000400                        NVM_SIZE = ((((((PARAM_SOFTWARE_SIZE + PARAM_ERROR_SIZE) + PARAM_ASSEMBLY_SIZE) + PARAM_EOL_SIZE) + PARAM_PRODUCTION_SIZE) + PARAM_USER_SIZE) + PARAM_DEVICE_SIZE)
                0x00000000                        PROVIDE (_intvecs_base_address = DEFINED (_intvecs_base_address)?_intvecs_base_address:0x0)

.intvecs        0x00000000       0xc0
 *(.intvecs)
 .intvecs       0x00000000       0xc0 obj/startup_mspm0l130x_gcc.o
                0x00000000                interruptVectors
                0x20000000                        PROVIDE (_vtable_base_address = DEFINED (_vtable_base_address)?_vtable_base_address:0x20000000)

.vtable
 *(.vtable)

.text           0x000000c0      0x4e8
 CREATE_OBJECT_SYMBOLS
 *(.text)
 .text          0x000000c0        0x0 obj/scheduler.o
 .text          0x000000c0        0x0 obj/startup_mspm0l130x_gcc.o
 .text          0x000000c0        0x0 obj/driver/uart.o
 .text          0x000000c0        0x0 obj/driver/adc.o
 .text          0x000000c0        0x0 obj/driver/gpio.o
 .text          0x000000c0        0x0 obj/driver/timer.o
 .text          0x000000c0        0x0 obj/main.o
 .text          0x000000c0        0x0 obj/ti_msp_dl_config.o
 .text          0x000000c0        0x0 obj/handler/communication.o
 .text          0x000000c0        0x0 /home/yff/ti/mspm0_sdk_2_04_00_06/source/ti/driverlib/lib/gcc/m0p/mspm0l11xx_l13xx/driverlib.a(dl_adc12.o)
 .text          0x000000c0        0x0 /home/yff/ti/mspm0_sdk_2_04_00_06/source/ti/driverlib/lib/gcc/m0p/mspm0l11xx_l13xx/driverlib.a(dl_common.o)
 .text          0x000000c0        0x0 /home/yff/ti/mspm0_sdk_2_04_00_06/source/ti/driverlib/lib/gcc/m0p/mspm0l11xx_l13xx/driverlib.a(dl_vref.o)
 .text          0x000000c0       0xa8 /usr/lib/gcc/arm-none-eabi/13.2.1/../../../arm-none-eabi/lib/thumb/v6-m/nofp/libc.a(libc_a-memset.o)
                0x000000c0                memset
 .text          0x00000168       0x8c /usr/lib/gcc/arm-none-eabi/13.2.1/../../../arm-none-eabi/lib/thumb/v6-m/nofp/libc.a(libc_a-memcpy-stub.o)
                0x00000168                memcpy
 .text          0x000001f4       0x48 /usr/lib/gcc/arm-none-eabi/13.2.1/../../../arm-none-eabi/lib/thumb/v6-m/nofp/libc.a(libc_a-init.o)
                0x000001f4                __libc_init_array
                0x00000240                        . = ALIGN (0x8)
 *fill*         0x0000023c        0x4 
 *(.text.*)
 .text.scheduler_init
                0x00000240       0x24 obj/scheduler.o
                0x00000240                scheduler_init
 .text.scheduler_high_power
                0x00000264       0x10 obj/scheduler.o
                0x00000264                scheduler_high_power
 .text.scheduler_low_power
                0x00000274        0x4 obj/scheduler.o
                0x00000274                scheduler_low_power
 .text.scheduler_power_down
                0x00000278        0x4 obj/scheduler.o
                0x00000278                scheduler_power_down
 .text.get_power_mode
                0x0000027c        0xc obj/scheduler.o
                0x0000027c                get_power_mode
 .text.Default_Handler
                0x00000288        0x4 obj/startup_mspm0l130x_gcc.o
                0x00000288                TIMG2_IRQHandler
                0x00000288                I2C0_IRQHandler
                0x00000288                HardFault_Handler
                0x00000288                SysTick_Handler
                0x00000288                PendSV_Handler
                0x00000288                NMI_Handler
                0x00000288                I2C1_IRQHandler
                0x00000288                UART1_IRQHandler
                0x00000288                UART0_IRQHandler
                0x00000288                TIMG0_IRQHandler
                0x00000288                GROUP1_IRQHandler
                0x00000288                GROUP0_IRQHandler
                0x00000288                Default_Handler
                0x00000288                SVC_Handler
                0x00000288                TIMG1_IRQHandler
                0x00000288                SPI0_IRQHandler
                0x00000288                DMA_IRQHandler
                0x00000288                TIMG4_IRQHandler
 .text.Reset_Handler
                0x0000028c       0x78 obj/startup_mspm0l130x_gcc.o
                0x0000028c                Reset_Handler
 .text.initStub
                0x00000304        0x4 obj/startup_mspm0l130x_gcc.o
                0x00000304                _init
                0x00000304                initStub
 .text.adc_init
                0x00000308        0xc obj/driver/adc.o
                0x00000308                adc_init
 .text.adc_convert
                0x00000314       0x70 obj/driver/adc.o
                0x00000314                adc_convert
 .text.ADC0_IRQHandler
                0x00000384       0x30 obj/driver/adc.o
                0x00000384                ADC0_IRQHandler
 .text.gpio_init
                0x000003b4        0x4 obj/driver/gpio.o
                0x000003b4                gpio_init
 .text.timer_init
                0x000003b8        0x4 obj/driver/timer.o
                0x000003b8                timer_init
 .text.startup.main
                0x000003bc       0x34 obj/main.o
                0x000003bc                main
 .text.SYSCFG_DL_initPower
                0x000003f0       0x44 obj/ti_msp_dl_config.o
                0x000003f0                SYSCFG_DL_initPower
 .text.SYSCFG_DL_GPIO_init
                0x00000434       0x3c obj/ti_msp_dl_config.o
                0x00000434                SYSCFG_DL_GPIO_init
 .text.SYSCFG_DL_SYSCTL_init
                0x00000470       0x30 obj/ti_msp_dl_config.o
                0x00000470                SYSCFG_DL_SYSCTL_init
 .text.SYSCFG_DL_ADC12_0_init
                0x000004a0       0x5c obj/ti_msp_dl_config.o
                0x000004a0                SYSCFG_DL_ADC12_0_init
 .text.SYSCFG_DL_VREF_init
                0x000004fc       0x1c obj/ti_msp_dl_config.o
                0x000004fc                SYSCFG_DL_VREF_init
 .text.SYSCFG_DL_init
                0x00000518       0x18 obj/ti_msp_dl_config.o
                0x00000518                SYSCFG_DL_init
 .text.communication_init
                0x00000530        0x4 obj/handler/communication.o
                0x00000530                communication_init
 .text.DL_ADC12_setClockConfig
                0x00000534       0x40 /home/yff/ti/mspm0_sdk_2_04_00_06/source/ti/driverlib/lib/gcc/m0p/mspm0l11xx_l13xx/driverlib.a(dl_adc12.o)
                0x00000534                DL_ADC12_setClockConfig
 .text.DL_Common_delayCycles
                0x00000574        0xc /home/yff/ti/mspm0_sdk_2_04_00_06/source/ti/driverlib/lib/gcc/m0p/mspm0l11xx_l13xx/driverlib.a(dl_common.o)
                0x00000574                DL_Common_delayCycles
 .text.DL_VREF_configReference
                0x00000580       0x24 /home/yff/ti/mspm0_sdk_2_04_00_06/source/ti/driverlib/lib/gcc/m0p/mspm0l11xx_l13xx/driverlib.a(dl_vref.o)
                0x00000580                DL_VREF_configReference
                0x000005a8                        . = ALIGN (0x8)
 *fill*         0x000005a4        0x4 
 *(.ctors)
                0x000005a8                        . = ALIGN (0x8)
 *(.dtors)
                0x000005a8                        . = ALIGN (0x8)
 *(.init)
                0x000005a8                        . = ALIGN (0x8)
 *(.fini*)
                0x000005a8                        . = ALIGN (0x8)

.glue_7         0x000005a8        0x0
 .glue_7        0x000005a8        0x0 linker stubs

.glue_7t        0x000005a8        0x0
 .glue_7t       0x000005a8        0x0 linker stubs

.vfp11_veneer   0x000005a8        0x0
 .vfp11_veneer  0x000005a8        0x0 linker stubs

.v4_bx          0x000005a8        0x0
 .v4_bx         0x000005a8        0x0 linker stubs

.iplt           0x000005a8        0x0
 .iplt          0x000005a8        0x0 obj/scheduler.o

.ramfunc        0x20000000        0x0 load address 0x000005a8
                0x000005a8                        __ramfunct_load__ = LOADADDR (.ramfunc)
                0x20000000                        __ramfunct_start__ = .
 *(.ramfunc)
                0x20000000                        . = ALIGN (0x8)
                0x20000000                        __ramfunct_end__ = .

.rodata         0x000005a8       0x18
 *(.rodata)
                0x000005a8                        . = ALIGN (0x8)
 *(.rodata.*)
 .rodata.gVREFConfig
                0x000005a8        0xc obj/ti_msp_dl_config.o
 .rodata.gADC12_0ClockConfig
                0x000005b4        0x8 obj/ti_msp_dl_config.o
                0x000005c0                        . = ALIGN (0x8)
 *fill*         0x000005bc        0x4 

.rel.dyn        0x000005c0        0x0
 .rel.iplt      0x000005c0        0x0 obj/scheduler.o

.preinit_array  0x000005c0        0x0
                0x000005c0                        PROVIDE (__preinit_array_start = .)
 *(.preinit_array*)
                0x000005c0                        PROVIDE (__preinit_array_end = .)

.init_array     0x000005c0        0x0
                0x000005c0                        . = ALIGN (0x8)
                0x000005c0                        PROVIDE (__init_array_start = .)
 *(SORT_BY_NAME(.init_array.*))
 *(.init_array*)
                0x000005c0                        PROVIDE (__init_array_end = .)

.fini_array     0x000005c0        0x0
                0x000005c0                        . = ALIGN (0x8)
                [!provide]                        PROVIDE (__fini_array_start = .)
 *(SORT_BY_NAME(.fini_array.*))
 *(.fini_array*)
                [!provide]                        PROVIDE (__fini_array_end = .)
                0x000005c0                        . = ALIGN (0x8)

.ARM.exidx      0x000005c0        0x0
                0x000005c0                        __exidx_start = .
 *(.ARM.exidx* .gnu.linkonce.armexidx.*)
                0x000005c0                        __exidx_end = .

.ARM.extab      0x000005c0        0x0
                0x000005c0                        . = ALIGN (0x8)
 *(.ARM.extab* .gnu.linkonce.armextab.*)
                0x000005c0                        . = ALIGN (0x8)
                0x000005c0                        __etext = .

.data           0x20000000        0x0 load address 0x000005c0
                0x000005c0                        __data_load__ = LOADADDR (.data)
                0x20000000                        __data_start__ = .
 *(.data)
 .data          0x20000000        0x0 obj/scheduler.o
 .data          0x20000000        0x0 obj/startup_mspm0l130x_gcc.o
 .data          0x20000000        0x0 obj/driver/uart.o
 .data          0x20000000        0x0 obj/driver/adc.o
 .data          0x20000000        0x0 obj/driver/gpio.o
 .data          0x20000000        0x0 obj/driver/timer.o
 .data          0x20000000        0x0 obj/main.o
 .data          0x20000000        0x0 obj/ti_msp_dl_config.o
 .data          0x20000000        0x0 obj/handler/communication.o
 .data          0x20000000        0x0 /home/yff/ti/mspm0_sdk_2_04_00_06/source/ti/driverlib/lib/gcc/m0p/mspm0l11xx_l13xx/driverlib.a(dl_adc12.o)
 .data          0x20000000        0x0 /home/yff/ti/mspm0_sdk_2_04_00_06/source/ti/driverlib/lib/gcc/m0p/mspm0l11xx_l13xx/driverlib.a(dl_common.o)
 .data          0x20000000        0x0 /home/yff/ti/mspm0_sdk_2_04_00_06/source/ti/driverlib/lib/gcc/m0p/mspm0l11xx_l13xx/driverlib.a(dl_vref.o)
 .data          0x20000000        0x0 /usr/lib/gcc/arm-none-eabi/13.2.1/../../../arm-none-eabi/lib/thumb/v6-m/nofp/libc.a(libc_a-memset.o)
 .data          0x20000000        0x0 /usr/lib/gcc/arm-none-eabi/13.2.1/../../../arm-none-eabi/lib/thumb/v6-m/nofp/libc.a(libc_a-memcpy-stub.o)
 .data          0x20000000        0x0 /usr/lib/gcc/arm-none-eabi/13.2.1/../../../arm-none-eabi/lib/thumb/v6-m/nofp/libc.a(libc_a-init.o)
 *(.data*)
                0x20000000                        . = ALIGN (0x8)
                0x20000000                        __data_end__ = .

.igot.plt       0x20000000        0x0 load address 0x000005c0
 .igot.plt      0x20000000        0x0 obj/scheduler.o

.bss            0x20000000        0x8
                0x20000000                        __bss_start__ = .
 *(.shbss)
 *(.bss)
 .bss           0x20000000        0x0 obj/scheduler.o
 .bss           0x20000000        0x0 obj/startup_mspm0l130x_gcc.o
 .bss           0x20000000        0x0 obj/driver/uart.o
 .bss           0x20000000        0x0 obj/driver/adc.o
 .bss           0x20000000        0x0 obj/driver/gpio.o
 .bss           0x20000000        0x0 obj/driver/timer.o
 .bss           0x20000000        0x0 obj/main.o
 .bss           0x20000000        0x0 obj/ti_msp_dl_config.o
 .bss           0x20000000        0x0 obj/handler/communication.o
 .bss           0x20000000        0x0 /home/yff/ti/mspm0_sdk_2_04_00_06/source/ti/driverlib/lib/gcc/m0p/mspm0l11xx_l13xx/driverlib.a(dl_adc12.o)
 .bss           0x20000000        0x0 /home/yff/ti/mspm0_sdk_2_04_00_06/source/ti/driverlib/lib/gcc/m0p/mspm0l11xx_l13xx/driverlib.a(dl_common.o)
 .bss           0x20000000        0x0 /home/yff/ti/mspm0_sdk_2_04_00_06/source/ti/driverlib/lib/gcc/m0p/mspm0l11xx_l13xx/driverlib.a(dl_vref.o)
 .bss           0x20000000        0x0 /usr/lib/gcc/arm-none-eabi/13.2.1/../../../arm-none-eabi/lib/thumb/v6-m/nofp/libc.a(libc_a-memset.o)
 .bss           0x20000000        0x0 /usr/lib/gcc/arm-none-eabi/13.2.1/../../../arm-none-eabi/lib/thumb/v6-m/nofp/libc.a(libc_a-memcpy-stub.o)
 .bss           0x20000000        0x0 /usr/lib/gcc/arm-none-eabi/13.2.1/../../../arm-none-eabi/lib/thumb/v6-m/nofp/libc.a(libc_a-init.o)
 *(.bss.*)
 .bss.current_power_mode
                0x20000000        0x1 obj/scheduler.o
 *fill*         0x20000001        0x1 
 .bss.x         0x20000002        0x2 obj/driver/adc.o
                0x20000002                x
 .bss.gCheckADC
                0x20000004        0x1 obj/driver/adc.o
                0x20000004                gCheckADC
 *(COMMON)
                0x20000008                        . = ALIGN (0x8)
 *fill*         0x20000005        0x3 
                0x20000008                        __bss_end__ = .

.noinit         0x20000008        0x0
 *(*.noinit*)
                0x20000008                        . = ALIGN (0x8)

.heap           0x20000008        0x0
                0x20000008                        __heap_start__ = .
                0x20000008                        end = __heap_start__
                0x20000008                        _end = end
                0x20000008                        __end = end
 *(.heap)
                0x20000008                        __heap_end__ = .
                0x20000008                        __HeapLimit = __heap_end__

.stack          0x20000008        0x0
                0x20000008                        _stack = .
 *(.stack)

.BCRConfig
 *(.BCRConfig)

.BSLConfig
 *(.BSLConfig)
                0x20001000                        __StackTop = (ORIGIN (REGION_STACK) + LENGTH (REGION_STACK))
                [!provide]                        PROVIDE (__stack = __StackTop)

.param_software
                0x0000fbf8       0x80
                0x0000fbf8                        _param_software = .
 FILL mask 0xff
 *(.param_software)
                0x00000080                        . = (. + (PARAM_SOFTWARE_SIZE - .))
 *fill*         0x0000fbf8       0x80 ff

.param_error    0x0000fc78       0x80
                0x0000fc78                        _param_error = .
 FILL mask 0xff
 *(.param_error)
                0x00000080                        . = (. + (PARAM_ERROR_SIZE - .))
 *fill*         0x0000fc78       0x80 ff

.param_assembly
                0x0000fcf8       0x80
                0x0000fcf8                        _param_assembly = .
 FILL mask 0xff
 *(.param_assembly)
                0x00000080                        . = (. + (PARAM_ASSEMBLY_SIZE - .))
 *fill*         0x0000fcf8       0x80 ff

.param_eol      0x0000fd78       0x80
                0x0000fd78                        _param_eol = .
 FILL mask 0xff
 *(.param_eol)
                0x00000080                        . = (. + (PARAM_EOL_SIZE - .))
 *fill*         0x0000fd78       0x80 ff

.param_production
                0x0000fdf8       0x80
                0x0000fdf8                        _param_production = .
 FILL mask 0xff
 *(.param_production)
                0x00000080                        . = (. + (PARAM_PRODUCTION_SIZE - .))
 *fill*         0x0000fdf8       0x80 ff

.param_user     0x0000fe78       0x80
                0x0000fe78                        _param_user = .
 FILL mask 0xff
 *(.param_user)
                0x00000080                        . = (. + (PARAM_USER_SIZE - .))
 *fill*         0x0000fe78       0x80 ff

.param_device   0x0000fef8      0x100
                0x0000fef8                        _param_device = .
 FILL mask 0xff
 *(.param_device)
                0x00000100                        . = (. + (PARAM_DEVICE_SIZE - .))
 *fill*         0x0000fef8      0x100 ff
LOAD /home/yff/ti/mspm0_sdk_2_04_00_06/source/ti/driverlib/lib/gcc/m0p/mspm0l11xx_l13xx/driverlib.a
LOAD /home/yff/ti/mspm0_sdk_2_04_00_06/source/ti/driverlib/lib/gcc/m0p/mspm0l11xx_l13xx/driverlib.a
LOAD /usr/lib/gcc/arm-none-eabi/13.2.1/thumb/v6-m/nofp/libgcc.a
LOAD /usr/lib/gcc/arm-none-eabi/13.2.1/../../../arm-none-eabi/lib/thumb/v6-m/nofp/libc.a
LOAD /usr/lib/gcc/arm-none-eabi/13.2.1/../../../arm-none-eabi/lib/thumb/v6-m/nofp/libm.a
LOAD /usr/lib/gcc/arm-none-eabi/13.2.1/../../../arm-none-eabi/lib/thumb/v6-m/nofp/libnosys.a
START GROUP
LOAD /usr/lib/gcc/arm-none-eabi/13.2.1/thumb/v6-m/nofp/libgcc.a
LOAD /usr/lib/gcc/arm-none-eabi/13.2.1/../../../arm-none-eabi/lib/thumb/v6-m/nofp/libg.a
LOAD /usr/lib/gcc/arm-none-eabi/13.2.1/../../../arm-none-eabi/lib/thumb/v6-m/nofp/libc.a
END GROUP
OUTPUT(bin/app.out elf32-littlearm)
LOAD linker stubs

.debug_info     0x00000000    0x2ccf9
 .debug_info    0x00000000     0x3e94 obj/scheduler.o
 .debug_info    0x00003e94      0x1c6 obj/startup_mspm0l130x_gcc.o
 .debug_info    0x0000405a     0x3e13 obj/driver/uart.o
 .debug_info    0x00007e6d     0x4235 obj/driver/adc.o
 .debug_info    0x0000c0a2     0x3dd1 obj/driver/gpio.o
 .debug_info    0x0000fe73     0x3e27 obj/driver/timer.o
 .debug_info    0x00013c9a     0x3e4a obj/main.o
 .debug_info    0x00017ae4     0x4a10 obj/ti_msp_dl_config.o
 .debug_info    0x0001c4f4     0x3e12 obj/handler/communication.o
 .debug_info    0x00020306     0x48d8 /home/yff/ti/mspm0_sdk_2_04_00_06/source/ti/driverlib/lib/gcc/m0p/mspm0l11xx_l13xx/driverlib.a(dl_adc12.o)
 .debug_info    0x00024bde     0x3dcc /home/yff/ti/mspm0_sdk_2_04_00_06/source/ti/driverlib/lib/gcc/m0p/mspm0l11xx_l13xx/driverlib.a(dl_common.o)
 .debug_info    0x000289aa     0x3fbd /home/yff/ti/mspm0_sdk_2_04_00_06/source/ti/driverlib/lib/gcc/m0p/mspm0l11xx_l13xx/driverlib.a(dl_vref.o)
 .debug_info    0x0002c967      0x135 /usr/lib/gcc/arm-none-eabi/13.2.1/../../../arm-none-eabi/lib/thumb/v6-m/nofp/libc.a(libc_a-memset.o)
 .debug_info    0x0002ca9c      0x152 /usr/lib/gcc/arm-none-eabi/13.2.1/../../../arm-none-eabi/lib/thumb/v6-m/nofp/libc.a(libc_a-memcpy-stub.o)
 .debug_info    0x0002cbee      0x10b /usr/lib/gcc/arm-none-eabi/13.2.1/../../../arm-none-eabi/lib/thumb/v6-m/nofp/libc.a(libc_a-init.o)

.debug_abbrev   0x00000000     0x1724
 .debug_abbrev  0x00000000      0x1af obj/scheduler.o
 .debug_abbrev  0x000001af       0xfe obj/startup_mspm0l130x_gcc.o
 .debug_abbrev  0x000002ad      0x169 obj/driver/uart.o
 .debug_abbrev  0x00000416      0x2b1 obj/driver/adc.o
 .debug_abbrev  0x000006c7      0x13e obj/driver/gpio.o
 .debug_abbrev  0x00000805      0x146 obj/driver/timer.o
 .debug_abbrev  0x0000094b      0x186 obj/main.o
 .debug_abbrev  0x00000ad1      0x2f2 obj/ti_msp_dl_config.o
 .debug_abbrev  0x00000dc3      0x16f obj/handler/communication.o
 .debug_abbrev  0x00000f32      0x302 /home/yff/ti/mspm0_sdk_2_04_00_06/source/ti/driverlib/lib/gcc/m0p/mspm0l11xx_l13xx/driverlib.a(dl_adc12.o)
 .debug_abbrev  0x00001234      0x148 /home/yff/ti/mspm0_sdk_2_04_00_06/source/ti/driverlib/lib/gcc/m0p/mspm0l11xx_l13xx/driverlib.a(dl_common.o)
 .debug_abbrev  0x0000137c      0x15e /home/yff/ti/mspm0_sdk_2_04_00_06/source/ti/driverlib/lib/gcc/m0p/mspm0l11xx_l13xx/driverlib.a(dl_vref.o)
 .debug_abbrev  0x000014da       0xb7 /usr/lib/gcc/arm-none-eabi/13.2.1/../../../arm-none-eabi/lib/thumb/v6-m/nofp/libc.a(libc_a-memset.o)
 .debug_abbrev  0x00001591       0xca /usr/lib/gcc/arm-none-eabi/13.2.1/../../../arm-none-eabi/lib/thumb/v6-m/nofp/libc.a(libc_a-memcpy-stub.o)
 .debug_abbrev  0x0000165b       0xc9 /usr/lib/gcc/arm-none-eabi/13.2.1/../../../arm-none-eabi/lib/thumb/v6-m/nofp/libc.a(libc_a-init.o)

.debug_aranges  0x00000000      0x268
 .debug_aranges
                0x00000000       0x40 obj/scheduler.o
 .debug_aranges
                0x00000040       0x30 obj/startup_mspm0l130x_gcc.o
 .debug_aranges
                0x00000070       0x20 obj/driver/uart.o
 .debug_aranges
                0x00000090       0x30 obj/driver/adc.o
 .debug_aranges
                0x000000c0       0x28 obj/driver/gpio.o
 .debug_aranges
                0x000000e8       0x20 obj/driver/timer.o
 .debug_aranges
                0x00000108       0x20 obj/main.o
 .debug_aranges
                0x00000128       0x48 obj/ti_msp_dl_config.o
 .debug_aranges
                0x00000170       0x20 obj/handler/communication.o
 .debug_aranges
                0x00000190       0x28 /home/yff/ti/mspm0_sdk_2_04_00_06/source/ti/driverlib/lib/gcc/m0p/mspm0l11xx_l13xx/driverlib.a(dl_adc12.o)
 .debug_aranges
                0x000001b8       0x20 /home/yff/ti/mspm0_sdk_2_04_00_06/source/ti/driverlib/lib/gcc/m0p/mspm0l11xx_l13xx/driverlib.a(dl_common.o)
 .debug_aranges
                0x000001d8       0x30 /home/yff/ti/mspm0_sdk_2_04_00_06/source/ti/driverlib/lib/gcc/m0p/mspm0l11xx_l13xx/driverlib.a(dl_vref.o)
 .debug_aranges
                0x00000208       0x20 /usr/lib/gcc/arm-none-eabi/13.2.1/../../../arm-none-eabi/lib/thumb/v6-m/nofp/libc.a(libc_a-memset.o)
 .debug_aranges
                0x00000228       0x20 /usr/lib/gcc/arm-none-eabi/13.2.1/../../../arm-none-eabi/lib/thumb/v6-m/nofp/libc.a(libc_a-memcpy-stub.o)
 .debug_aranges
                0x00000248       0x20 /usr/lib/gcc/arm-none-eabi/13.2.1/../../../arm-none-eabi/lib/thumb/v6-m/nofp/libc.a(libc_a-init.o)

.debug_ranges   0x00000000      0x300
 .debug_ranges  0x00000000       0x30 obj/scheduler.o
 .debug_ranges  0x00000030       0x20 obj/startup_mspm0l130x_gcc.o
 .debug_ranges  0x00000050       0x10 obj/driver/uart.o
 .debug_ranges  0x00000060       0xa0 obj/driver/adc.o
 .debug_ranges  0x00000100       0x18 obj/driver/gpio.o
 .debug_ranges  0x00000118       0x10 obj/driver/timer.o
 .debug_ranges  0x00000128       0x10 obj/main.o
 .debug_ranges  0x00000138      0x148 obj/ti_msp_dl_config.o
 .debug_ranges  0x00000280       0x10 obj/handler/communication.o
 .debug_ranges  0x00000290       0x40 /home/yff/ti/mspm0_sdk_2_04_00_06/source/ti/driverlib/lib/gcc/m0p/mspm0l11xx_l13xx/driverlib.a(dl_adc12.o)
 .debug_ranges  0x000002d0       0x10 /home/yff/ti/mspm0_sdk_2_04_00_06/source/ti/driverlib/lib/gcc/m0p/mspm0l11xx_l13xx/driverlib.a(dl_common.o)
 .debug_ranges  0x000002e0       0x20 /home/yff/ti/mspm0_sdk_2_04_00_06/source/ti/driverlib/lib/gcc/m0p/mspm0l11xx_l13xx/driverlib.a(dl_vref.o)

.debug_line     0x00000000     0x30b3
 .debug_line    0x00000000      0x3b6 obj/scheduler.o
 .debug_line    0x000003b6       0xf7 obj/startup_mspm0l130x_gcc.o
 .debug_line    0x000004ad      0x2c1 obj/driver/uart.o
 .debug_line    0x0000076e      0x4bb obj/driver/adc.o
 .debug_line    0x00000c29      0x2cc obj/driver/gpio.o
 .debug_line    0x00000ef5      0x2c0 obj/driver/timer.o
 .debug_line    0x000011b5      0x30a obj/main.o
 .debug_line    0x000014bf      0x6c2 obj/ti_msp_dl_config.o
 .debug_line    0x00001b81      0x2c9 obj/handler/communication.o
 .debug_line    0x00001e4a      0x588 /home/yff/ti/mspm0_sdk_2_04_00_06/source/ti/driverlib/lib/gcc/m0p/mspm0l11xx_l13xx/driverlib.a(dl_adc12.o)
 .debug_line    0x000023d2      0x3d7 /home/yff/ti/mspm0_sdk_2_04_00_06/source/ti/driverlib/lib/gcc/m0p/mspm0l11xx_l13xx/driverlib.a(dl_common.o)
 .debug_line    0x000027a9      0x461 /home/yff/ti/mspm0_sdk_2_04_00_06/source/ti/driverlib/lib/gcc/m0p/mspm0l11xx_l13xx/driverlib.a(dl_vref.o)
 .debug_line    0x00002c0a      0x1bd /usr/lib/gcc/arm-none-eabi/13.2.1/../../../arm-none-eabi/lib/thumb/v6-m/nofp/libc.a(libc_a-memset.o)
 .debug_line    0x00002dc7      0x1e7 /usr/lib/gcc/arm-none-eabi/13.2.1/../../../arm-none-eabi/lib/thumb/v6-m/nofp/libc.a(libc_a-memcpy-stub.o)
 .debug_line    0x00002fae      0x105 /usr/lib/gcc/arm-none-eabi/13.2.1/../../../arm-none-eabi/lib/thumb/v6-m/nofp/libc.a(libc_a-init.o)

.debug_str      0x00000000     0x307f
 .debug_str     0x00000000     0x307f obj/scheduler.o
                               0x12d7 (size before relaxing)
 .debug_str     0x0000307f      0x266 obj/startup_mspm0l130x_gcc.o
 .debug_str     0x0000307f     0x1230 obj/driver/uart.o
 .debug_str     0x0000307f     0x1799 obj/driver/adc.o
 .debug_str     0x0000307f     0x1216 obj/driver/gpio.o
 .debug_str     0x0000307f     0x1279 obj/driver/timer.o
 .debug_str     0x0000307f     0x1296 obj/main.o
 .debug_str     0x0000307f     0x1fa6 obj/ti_msp_dl_config.o
 .debug_str     0x0000307f     0x124e obj/handler/communication.o
 .debug_str     0x0000307f     0x197d /home/yff/ti/mspm0_sdk_2_04_00_06/source/ti/driverlib/lib/gcc/m0p/mspm0l11xx_l13xx/driverlib.a(dl_adc12.o)
 .debug_str     0x0000307f     0x12c8 /home/yff/ti/mspm0_sdk_2_04_00_06/source/ti/driverlib/lib/gcc/m0p/mspm0l11xx_l13xx/driverlib.a(dl_common.o)
 .debug_str     0x0000307f     0x1502 /home/yff/ti/mspm0_sdk_2_04_00_06/source/ti/driverlib/lib/gcc/m0p/mspm0l11xx_l13xx/driverlib.a(dl_vref.o)
 .debug_str     0x0000307f      0x1a1 /usr/lib/gcc/arm-none-eabi/13.2.1/../../../arm-none-eabi/lib/thumb/v6-m/nofp/libc.a(libc_a-memset.o)
 .debug_str     0x0000307f      0x1be /usr/lib/gcc/arm-none-eabi/13.2.1/../../../arm-none-eabi/lib/thumb/v6-m/nofp/libc.a(libc_a-memcpy-stub.o)
 .debug_str     0x0000307f      0x1ee /usr/lib/gcc/arm-none-eabi/13.2.1/../../../arm-none-eabi/lib/thumb/v6-m/nofp/libc.a(libc_a-init.o)

.comment        0x00000000       0x9f
 .comment       0x00000000       0x9f obj/scheduler.o
                                 0x27 (size before relaxing)
 .comment       0x0000009f       0x27 obj/startup_mspm0l130x_gcc.o
 .comment       0x0000009f       0x27 obj/driver/uart.o
 .comment       0x0000009f       0x27 obj/driver/adc.o
 .comment       0x0000009f       0x27 obj/driver/gpio.o
 .comment       0x0000009f       0x27 obj/driver/timer.o
 .comment       0x0000009f       0x27 obj/main.o
 .comment       0x0000009f       0x27 obj/ti_msp_dl_config.o
 .comment       0x0000009f       0x27 obj/handler/communication.o
 .comment       0x0000009f       0x7a /home/yff/ti/mspm0_sdk_2_04_00_06/source/ti/driverlib/lib/gcc/m0p/mspm0l11xx_l13xx/driverlib.a(dl_adc12.o)
 .comment       0x0000009f       0x7a /home/yff/ti/mspm0_sdk_2_04_00_06/source/ti/driverlib/lib/gcc/m0p/mspm0l11xx_l13xx/driverlib.a(dl_common.o)
 .comment       0x0000009f       0x7a /home/yff/ti/mspm0_sdk_2_04_00_06/source/ti/driverlib/lib/gcc/m0p/mspm0l11xx_l13xx/driverlib.a(dl_vref.o)
 .comment       0x0000009f       0x27 /usr/lib/gcc/arm-none-eabi/13.2.1/../../../arm-none-eabi/lib/thumb/v6-m/nofp/libc.a(libc_a-memset.o)
 .comment       0x0000009f       0x27 /usr/lib/gcc/arm-none-eabi/13.2.1/../../../arm-none-eabi/lib/thumb/v6-m/nofp/libc.a(libc_a-memcpy-stub.o)
 .comment       0x0000009f       0x27 /usr/lib/gcc/arm-none-eabi/13.2.1/../../../arm-none-eabi/lib/thumb/v6-m/nofp/libc.a(libc_a-init.o)

.ARM.attributes
                0x00000000       0x2c
 .ARM.attributes
                0x00000000       0x2c obj/scheduler.o
 .ARM.attributes
                0x0000002c       0x2c obj/startup_mspm0l130x_gcc.o
 .ARM.attributes
                0x00000058       0x2c obj/driver/uart.o
 .ARM.attributes
                0x00000084       0x2c obj/driver/adc.o
 .ARM.attributes
                0x000000b0       0x2c obj/driver/gpio.o
 .ARM.attributes
                0x000000dc       0x2c obj/driver/timer.o
 .ARM.attributes
                0x00000108       0x2c obj/main.o
 .ARM.attributes
                0x00000134       0x2c obj/ti_msp_dl_config.o
 .ARM.attributes
                0x00000160       0x2c obj/handler/communication.o
 .ARM.attributes
                0x0000018c       0x2b /home/yff/ti/mspm0_sdk_2_04_00_06/source/ti/driverlib/lib/gcc/m0p/mspm0l11xx_l13xx/driverlib.a(dl_adc12.o)
 .ARM.attributes
                0x000001b7       0x2b /home/yff/ti/mspm0_sdk_2_04_00_06/source/ti/driverlib/lib/gcc/m0p/mspm0l11xx_l13xx/driverlib.a(dl_common.o)
 .ARM.attributes
                0x000001e2       0x2b /home/yff/ti/mspm0_sdk_2_04_00_06/source/ti/driverlib/lib/gcc/m0p/mspm0l11xx_l13xx/driverlib.a(dl_vref.o)
 .ARM.attributes
                0x0000020d       0x2c /usr/lib/gcc/arm-none-eabi/13.2.1/../../../arm-none-eabi/lib/thumb/v6-m/nofp/libc.a(libc_a-memset.o)
 .ARM.attributes
                0x00000239       0x2c /usr/lib/gcc/arm-none-eabi/13.2.1/../../../arm-none-eabi/lib/thumb/v6-m/nofp/libc.a(libc_a-memcpy-stub.o)
 .ARM.attributes
                0x00000265       0x2c /usr/lib/gcc/arm-none-eabi/13.2.1/../../../arm-none-eabi/lib/thumb/v6-m/nofp/libc.a(libc_a-init.o)

.debug_frame    0x00000000      0x380
 .debug_frame   0x00000000       0x68 obj/scheduler.o
 .debug_frame   0x00000068       0x48 obj/startup_mspm0l130x_gcc.o
 .debug_frame   0x000000b0       0x20 obj/driver/uart.o
 .debug_frame   0x000000d0       0x58 obj/driver/adc.o
 .debug_frame   0x00000128       0x30 obj/driver/gpio.o
 .debug_frame   0x00000158       0x20 obj/driver/timer.o
 .debug_frame   0x00000178       0x28 obj/main.o
 .debug_frame   0x000001a0       0x90 obj/ti_msp_dl_config.o
 .debug_frame   0x00000230       0x20 obj/handler/communication.o
 .debug_frame   0x00000250       0x44 /home/yff/ti/mspm0_sdk_2_04_00_06/source/ti/driverlib/lib/gcc/m0p/mspm0l11xx_l13xx/driverlib.a(dl_adc12.o)
 .debug_frame   0x00000294       0x20 /home/yff/ti/mspm0_sdk_2_04_00_06/source/ti/driverlib/lib/gcc/m0p/mspm0l11xx_l13xx/driverlib.a(dl_common.o)
 .debug_frame   0x000002b4       0x40 /home/yff/ti/mspm0_sdk_2_04_00_06/source/ti/driverlib/lib/gcc/m0p/mspm0l11xx_l13xx/driverlib.a(dl_vref.o)
 .debug_frame   0x000002f4       0x30 /usr/lib/gcc/arm-none-eabi/13.2.1/../../../arm-none-eabi/lib/thumb/v6-m/nofp/libc.a(libc_a-memset.o)
 .debug_frame   0x00000324       0x30 /usr/lib/gcc/arm-none-eabi/13.2.1/../../../arm-none-eabi/lib/thumb/v6-m/nofp/libc.a(libc_a-memcpy-stub.o)
 .debug_frame   0x00000354       0x2c /usr/lib/gcc/arm-none-eabi/13.2.1/../../../arm-none-eabi/lib/thumb/v6-m/nofp/libc.a(libc_a-init.o)

.debug_loc      0x00000000      0x134
 .debug_loc     0x00000000      0x134 /home/yff/ti/mspm0_sdk_2_04_00_06/source/ti/driverlib/lib/gcc/m0p/mspm0l11xx_l13xx/driverlib.a(dl_adc12.o)

.debug_loclists
                0x00000000      0x4e7
 .debug_loclists
                0x00000000      0x1c6 /usr/lib/gcc/arm-none-eabi/13.2.1/../../../arm-none-eabi/lib/thumb/v6-m/nofp/libc.a(libc_a-memset.o)
 .debug_loclists
                0x000001c6      0x2c7 /usr/lib/gcc/arm-none-eabi/13.2.1/../../../arm-none-eabi/lib/thumb/v6-m/nofp/libc.a(libc_a-memcpy-stub.o)
 .debug_loclists
                0x0000048d       0x5a /usr/lib/gcc/arm-none-eabi/13.2.1/../../../arm-none-eabi/lib/thumb/v6-m/nofp/libc.a(libc_a-init.o)
